
     Number of channels indexed:     4

  Channel         Sensor             NCEP          WMO           WMO     Channel
   Index        Descriptor         Sensor ID   Satellite ID   Sensor ID   Number
  ------------------------------------------------------------------------------
       1  >imgr_g11            <     261           255           615          2
       2  >imgr_g11            <     261           255           615          3
       3  >imgr_g11            <     261           255           615          4
       4  >imgr_g11            <     261           255           615          5

     Calling the Forward CRTM...

     Profile # 1 results:

     Atmosphere climatology: Tropical                
     Cloud   1 type: Water  
     Surface type: Land                     

  Channel         Sensor            Radiance      Brightness     Surface
   Index        Descriptor                        Temperature   Emissivity
  ------------------------------------------------------------------------
       1  >imgr_g11            <     0.279327     272.966619     0.580791
       2  >imgr_g11            <     8.372191     252.401998     0.900000
       3  >imgr_g11            <    71.322775     272.892339     0.963528
       4  >imgr_g11            <    87.238935     273.550214     0.980000

     Profile # 2 results:

     Atmosphere climatology: U.S. Standard Atmosphere
     Cloud   1 type: Rain   
     Surface type: Water                    

  Channel         Sensor            Radiance      Brightness     Surface
   Index        Descriptor                        Temperature   Emissivity
  ------------------------------------------------------------------------
       1  >imgr_g11            <     0.069850     247.461570     0.976357
       2  >imgr_g11            <     5.040616     238.059576     0.979403
       3  >imgr_g11            <    43.091401     247.613573     0.991925
       4  >imgr_g11            <    54.933201     247.640068     0.988696

     Profile # 3 results:

     Atmosphere climatology: Subarctic winter        
     Cloud   1 type: Water  
     Cloud   2 type: Rain   
     Cloud   3 type: Snow   
     Surface type: Ice                      

  Channel         Sensor            Radiance      Brightness     Surface
   Index        Descriptor                        Temperature   Emissivity
  ------------------------------------------------------------------------
       1  >imgr_g11            <     0.005903     212.107890     0.978079
       2  >imgr_g11            <     1.689964     212.088622     0.990000
       3  >imgr_g11            <    17.393396     212.120018     0.982745
       4  >imgr_g11            <    24.341627     212.112800     0.959914

     Profile # 4 results:

     Atmosphere climatology: Midlatitude winter      
     Surface type: Water                    

  Channel         Sensor            Radiance      Brightness     Surface
   Index        Descriptor                        Temperature   Emissivity
  ------------------------------------------------------------------------
       1  >imgr_g11            <     0.555164     287.653858     0.976357
       2  >imgr_g11            <     5.435709     240.088920     0.979403
       3  >imgr_g11            <    87.364925     284.558563     0.991925
       4  >imgr_g11            <   101.821801     283.424440     0.988696

     Profile # 5 results:

     Atmosphere climatology: Subarctic summer        
     Cloud   1 type: Rain   
     Cloud   2 type: Snow   
     Surface type: Ice                      

  Channel         Sensor            Radiance      Brightness     Surface
   Index        Descriptor                        Temperature   Emissivity
  ------------------------------------------------------------------------
       1  >imgr_g11            <     0.006316     212.939992     0.978079
       2  >imgr_g11            <     1.839443     213.898987     0.990000
       3  >imgr_g11            <    17.767864     212.837312     0.982745
       4  >imgr_g11            <    24.807398     212.825250     0.959914

     Profile # 6 results:

     Atmosphere climatology: Tropical                
     Surface type: Water                    

  Channel         Sensor            Radiance      Brightness     Surface
   Index        Descriptor                        Temperature   Emissivity
  ------------------------------------------------------------------------
       1  >imgr_g11            <     0.939623     300.018135     0.976357
       2  >imgr_g11            <     5.226576     239.029550     0.979403
       3  >imgr_g11            <   101.238184     293.663611     0.991925
       4  >imgr_g11            <   112.223003     289.999137     0.988696

     Profile # 7 results:

     Atmosphere climatology: Midlatitude summer      
     Cloud   1 type: Water  
     Surface type: Land                     

  Channel         Sensor            Radiance      Brightness     Surface
   Index        Descriptor                        Temperature   Emissivity
  ------------------------------------------------------------------------
       1  >imgr_g11            <     0.210928     267.383321     0.580791
       2  >imgr_g11            <     6.226771     243.831036     0.900000
       3  >imgr_g11            <    64.486429     267.440013     0.963528
       4  >imgr_g11            <    79.997403     268.301593     0.980000

     Profile # 8 results:

     Atmosphere climatology: Midlatitude winter      
     Surface type: Land                     

  Channel         Sensor            Radiance      Brightness     Surface
   Index        Descriptor                        Temperature   Emissivity
  ------------------------------------------------------------------------
       1  >imgr_g11            <     1.673338     314.857463     0.580791
       2  >imgr_g11            <     4.645712     235.903728     0.900000
       3  >imgr_g11            <    80.597613     279.807409     0.963528
       4  >imgr_g11            <    95.802182     279.450277     0.980000

     Profile # 9 results:

     Atmosphere climatology: Subarctic winter        
     Surface type: Snow                     

  Channel         Sensor            Radiance      Brightness     Surface
   Index        Descriptor                        Temperature   Emissivity
  ------------------------------------------------------------------------
       1  >imgr_g11            <     0.099294     253.472963     0.985384
       2  >imgr_g11            <     4.253499     233.616344     0.991000
       3  >imgr_g11            <    36.988949     240.840121     0.991098
       4  >imgr_g11            <    47.418214     240.378148     0.981983

     Profile #10 results:

     Atmosphere climatology: Subarctic winter        
     Cloud   1 type: Water  
     Cloud   2 type: Snow   
     Surface type: Snow                     

  Channel         Sensor            Radiance      Brightness     Surface
   Index        Descriptor                        Temperature   Emissivity
  ------------------------------------------------------------------------
       1  >imgr_g11            <     0.008982     217.385847     0.985384
       2  >imgr_g11            <     2.264647     218.474227     0.991000
       3  >imgr_g11            <    20.209264     217.277464     0.991098
       4  >imgr_g11            <    27.836176     217.259080     0.981983

     Profile #11 results:

     Atmosphere climatology: Subarctic summer        
     Cloud   1 type: Water  
     Cloud   2 type: Snow   
     Surface type: Water                    

  Channel         Sensor            Radiance      Brightness     Surface
   Index        Descriptor                        Temperature   Emissivity
  ------------------------------------------------------------------------
       1  >imgr_g11            <     0.011059     220.099886     0.976357
       2  >imgr_g11            <     2.562819     221.289241     0.979403
       3  >imgr_g11            <    21.827513     220.022918     0.991925
       4  >imgr_g11            <    29.815996     219.991632     0.988696

     Profile #12 results:

     Atmosphere climatology: Subarctic winter        
     Cloud   1 type: Water  
     Cloud   2 type: Snow   
     Surface type: Snow                     

  Channel         Sensor            Radiance      Brightness     Surface
   Index        Descriptor                        Temperature   Emissivity
  ------------------------------------------------------------------------
       1  >imgr_g11            <     0.010350     219.227818     0.985384
       2  >imgr_g11            <     2.316292     218.982076     0.991000
       3  >imgr_g11            <    21.366361     219.254985     0.991098
       4  >imgr_g11            <    29.269052     219.248656     0.981983

     Profile #13 results:

     Atmosphere climatology: Subarctic winter        
     Cloud   1 type: Water  
     Cloud   2 type: Snow   
     Surface type: Ice                      

  Channel         Sensor            Radiance      Brightness     Surface
   Index        Descriptor                        Temperature   Emissivity
  ------------------------------------------------------------------------
       1  >imgr_g11            <     0.004761     209.501813     0.978079
       2  >imgr_g11            <     1.530521     210.010250     0.990000
       3  >imgr_g11            <    16.076304     209.509505     0.982745
       4  >imgr_g11            <    22.663041     209.468911     0.959914

     Profile #14 results:

     Atmosphere climatology: Subarctic winter        
     Cloud   1 type: Water  
     Cloud   2 type: Snow   
     Surface type: Ice                      

  Channel         Sensor            Radiance      Brightness     Surface
   Index        Descriptor                        Temperature   Emissivity
  ------------------------------------------------------------------------
       1  >imgr_g11            <     0.003573     206.121336     0.978079
       2  >imgr_g11            <     1.288882     206.501118     0.990000
       3  >imgr_g11            <    14.506707     206.198055     0.982745
       4  >imgr_g11            <    20.673651     206.163704     0.959914

     Profile #15 results:

     Atmosphere climatology: Subarctic winter        
     Cloud   1 type: Rain   
     Surface type: Land                     

  Channel         Sensor            Radiance      Brightness     Surface
   Index        Descriptor                        Temperature   Emissivity
  ------------------------------------------------------------------------
       1  >imgr_g11            <     0.072988     248.197149     0.580791
       2  >imgr_g11            <     4.295579     233.869446     0.900000
       3  >imgr_g11            <    43.959330     248.525953     0.963528
       4  >imgr_g11            <    55.904087     248.533650     0.980000

     Profile #16 results:

     Atmosphere climatology: Tropical                
     Cloud   1 type: Rain   
     Surface type: Water                    

  Channel         Sensor            Radiance      Brightness     Surface
   Index        Descriptor                        Temperature   Emissivity
  ------------------------------------------------------------------------
       1  >imgr_g11            <     0.296457     274.179863     0.976357
       2  >imgr_g11            <     5.247005     239.134468     0.979403
       3  >imgr_g11            <    73.193715     274.328881     0.991925
       4  >imgr_g11            <    87.880515     274.003183     0.988696

     Profile #17 results:

     Atmosphere climatology: Midlatitude winter      
     Cloud   1 type: Rain   
     Surface type: Land                     

  Channel         Sensor            Radiance      Brightness     Surface
   Index        Descriptor                        Temperature   Emissivity
  ------------------------------------------------------------------------
       1  >imgr_g11            <     0.062307     245.569462     0.580791
       2  >imgr_g11            <     5.540220     240.606527     0.900000
       3  >imgr_g11            <    41.422502     245.825733     0.963528
       4  >imgr_g11            <    53.030801     245.861346     0.980000

     Profile #18 results:

     Atmosphere climatology: U.S. Standard Atmosphere
     Cloud   1 type: Water  
     Surface type: Land                     

  Channel         Sensor            Radiance      Brightness     Surface
   Index        Descriptor                        Temperature   Emissivity
  ------------------------------------------------------------------------
       1  >imgr_g11            <     0.145631     260.358669     0.580791
       2  >imgr_g11            <     4.771974     236.608020     0.900000
       3  >imgr_g11            <    56.331662     260.451851     0.963528
       4  >imgr_g11            <    70.876730     261.289787     0.980000

     Profile #19 results:

     Atmosphere climatology: Subarctic summer        
     Cloud   1 type: Rain   
     Cloud   2 type: Snow   
     Surface type: Land                     

  Channel         Sensor            Radiance      Brightness     Surface
   Index        Descriptor                        Temperature   Emissivity
  ------------------------------------------------------------------------
       1  >imgr_g11            <     0.005532     211.314890     0.580791
       2  >imgr_g11            <     1.729454     212.578968     0.900000
       3  >imgr_g11            <    16.933861     211.225151     0.963528
       4  >imgr_g11            <    23.742836     211.183723     0.980000

     Profile #20 results:

     Atmosphere climatology: Subarctic winter        
     Cloud   1 type: Rain   
     Cloud   2 type: Snow   
     Surface type: Snow                     

  Channel         Sensor            Radiance      Brightness     Surface
   Index        Descriptor                        Temperature   Emissivity
  ------------------------------------------------------------------------
       1  >imgr_g11            <     0.002391     201.570449     0.985384
       2  >imgr_g11            <     0.998022     201.489440     0.991000
       3  >imgr_g11            <    12.536294     201.667558     0.991098
       4  >imgr_g11            <    18.151813     201.656636     0.981983

     Profile #21 results:

     Atmosphere climatology: Tropical                
     Cloud   1 type: Rain   
     Cloud   2 type: Snow   
     Surface type: Water                    

  Channel         Sensor            Radiance      Brightness     Surface
   Index        Descriptor                        Temperature   Emissivity
  ------------------------------------------------------------------------
       1  >imgr_g11            <     0.028751     233.484258     0.976357
       2  >imgr_g11            <     3.598537     229.399139     0.979403
       3  >imgr_g11            <    31.134615     233.624150     0.991925
       4  >imgr_g11            <    41.013181     233.613495     0.988696

     Profile #22 results:

     Atmosphere climatology: Subarctic winter        
     Cloud   1 type: Rain   
     Cloud   2 type: Snow   
     Surface type: Snow                     

  Channel         Sensor            Radiance      Brightness     Surface
   Index        Descriptor                        Temperature   Emissivity
  ------------------------------------------------------------------------
       1  >imgr_g11            <     0.022453     229.867140     0.985384
       2  >imgr_g11            <     3.563621     229.157908     0.991000
       3  >imgr_g11            <    28.393247     229.936919     0.991098
       4  >imgr_g11            <    37.764900     229.931493     0.981983

     Profile #23 results:

     Atmosphere climatology: Subarctic summer        
     Cloud   1 type: Rain   
     Cloud   2 type: Snow   
     Surface type: Ice                      

  Channel         Sensor            Radiance      Brightness     Surface
   Index        Descriptor                        Temperature   Emissivity
  ------------------------------------------------------------------------
       1  >imgr_g11            <     0.007034     214.279936     0.978079
       2  >imgr_g11            <     2.084857     216.631159     0.990000
       3  >imgr_g11            <    18.404636     214.033642     0.982745
       4  >imgr_g11            <    25.577927     213.985035     0.959914

     Profile #24 results:

     Atmosphere climatology: Subarctic winter        
     Cloud   1 type: Water  
     Surface type: Ice                      

  Channel         Sensor            Radiance      Brightness     Surface
   Index        Descriptor                        Temperature   Emissivity
  ------------------------------------------------------------------------
       1  >imgr_g11            <     0.047248     241.105647     0.978079
       2  >imgr_g11            <     4.838942     236.975698     0.990000
       3  >imgr_g11            <    37.310779     241.214580     0.982745
       4  >imgr_g11            <    49.022995     241.984285     0.959914

     Profile #25 results:

     Atmosphere climatology: Tropical                
     Surface type: Water                    

  Channel         Sensor            Radiance      Brightness     Surface
   Index        Descriptor                        Temperature   Emissivity
  ------------------------------------------------------------------------
       1  >imgr_g11            <     1.113957     304.247320     0.976357
       2  >imgr_g11            <     5.402832     239.924498     0.979403
       3  >imgr_g11            <   107.927831     297.795835     0.991925
       4  >imgr_g11            <   118.072080     293.552004     0.988696

     Profile #26 results:

     Atmosphere climatology: Tropical                
     Surface type: Water                    

  Channel         Sensor            Radiance      Brightness     Surface
   Index        Descriptor                        Temperature   Emissivity
  ------------------------------------------------------------------------
       1  >imgr_g11            <     0.836551     297.197653     0.976357
       2  >imgr_g11            <     5.294265     239.375971     0.979403
       3  >imgr_g11            <    94.956772     289.637529     0.991925
       4  >imgr_g11            <   105.709167     285.922670     0.988696

     Profile #27 results:

     Atmosphere climatology: Subarctic winter        
     Cloud   1 type: Rain   
     Surface type: Snow                     

  Channel         Sensor            Radiance      Brightness     Surface
   Index        Descriptor                        Temperature   Emissivity
  ------------------------------------------------------------------------
       1  >imgr_g11            <     0.027344     232.741301     0.985384
       2  >imgr_g11            <     3.564125     229.161407     0.991000
       3  >imgr_g11            <    30.643144     232.979285     0.991098
       4  >imgr_g11            <    40.436999     232.973933     0.981983

     Profile #28 results:

     Atmosphere climatology: Subarctic winter        
     Surface type: Snow                     

  Channel         Sensor            Radiance      Brightness     Surface
   Index        Descriptor                        Temperature   Emissivity
  ------------------------------------------------------------------------
       1  >imgr_g11            <     0.109917     255.264662     0.985384
       2  >imgr_g11            <     4.120290     232.802003     0.991000
       3  >imgr_g11            <    39.708191     243.940629     0.991098
       4  >imgr_g11            <    50.598544     243.530458     0.981983

     Profile #29 results:

     Atmosphere climatology: U.S. Standard Atmosphere
     Surface type: Ice                      

  Channel         Sensor            Radiance      Brightness     Surface
   Index        Descriptor                        Temperature   Emissivity
  ------------------------------------------------------------------------
       1  >imgr_g11            <     0.305776     274.814969     0.978079
       2  >imgr_g11            <     7.312225     248.409698     0.990000
       3  >imgr_g11            <    66.909232     269.410776     0.982745
       4  >imgr_g11            <    79.693220     268.075343     0.959914

     Profile #30 results:

     Atmosphere climatology: U.S. Standard Atmosphere
     Cloud   1 type: Water  
     Cloud   2 type: Snow   
     Surface type: Land                     

  Channel         Sensor            Radiance      Brightness     Surface
   Index        Descriptor                        Temperature   Emissivity
  ------------------------------------------------------------------------
       1  >imgr_g11            <     0.017366     226.225619     0.580791
       2  >imgr_g11            <     3.166409     226.273827     0.900000
       3  >imgr_g11            <    25.800687     226.226482     0.963528
       4  >imgr_g11            <    34.655374     226.216740     0.980000

     Profile #31 results:

     Atmosphere climatology: Midlatitude winter      
     Cloud   1 type: Water  
     Cloud   2 type: Rain   
     Cloud   3 type: Snow   
     Surface type: Land                     

  Channel         Sensor            Radiance      Brightness     Surface
   Index        Descriptor                        Temperature   Emissivity
  ------------------------------------------------------------------------
       1  >imgr_g11            <     0.009942     218.701688     0.580791
       2  >imgr_g11            <     2.257985     218.408041     0.900000
       3  >imgr_g11            <    21.054167     218.728724     0.963528
       4  >imgr_g11            <    28.882262     218.717859     0.980000

     Profile #32 results:

     Atmosphere climatology: Subarctic winter        
     Cloud   1 type: Rain   
     Surface type: Ice                      

  Channel         Sensor            Radiance      Brightness     Surface
   Index        Descriptor                        Temperature   Emissivity
  ------------------------------------------------------------------------
       1  >imgr_g11            <     0.043280     239.723668     0.978079
       2  >imgr_g11            <     4.442433     234.737854     0.990000
       3  >imgr_g11            <    36.265438     239.990538     0.982745
       4  >imgr_g11            <    47.063369     240.018560     0.959914

     Profile #33 results:

     Atmosphere climatology: Tropical                
     Surface type: Water                    

  Channel         Sensor            Radiance      Brightness     Surface
   Index        Descriptor                        Temperature   Emissivity
  ------------------------------------------------------------------------
       1  >imgr_g11            <     0.875962     298.308794     0.976357
       2  >imgr_g11            <     5.271389     239.259280     0.979403
       3  >imgr_g11            <    99.754798     292.726183     0.991925
       4  >imgr_g11            <   111.670450     289.658401     0.988696

     Profile #34 results:

     Atmosphere climatology: Subarctic winter        
     Surface type: Snow                     

  Channel         Sensor            Radiance      Brightness     Surface
   Index        Descriptor                        Temperature   Emissivity
  ------------------------------------------------------------------------
       1  >imgr_g11            <     0.092324     252.205301     0.985384
       2  >imgr_g11            <     3.931938     231.614694     0.991000
       3  >imgr_g11            <    34.611881     238.006759     0.991098
       4  >imgr_g11            <    44.720437     237.601744     0.981983

     Profile #35 results:

     Atmosphere climatology: U.S. Standard Atmosphere
     Cloud   1 type: Water  
     Cloud   2 type: Rain   
     Cloud   3 type: Snow   
     Surface type: Water                    

  Channel         Sensor            Radiance      Brightness     Surface
   Index        Descriptor                        Temperature   Emissivity
  ------------------------------------------------------------------------
       1  >imgr_g11            <     0.021640     229.336942     0.976357
       2  >imgr_g11            <     3.448298     228.347757     0.979403
       3  >imgr_g11            <    28.036676     229.440302     0.991925
       4  >imgr_g11            <    37.339180     229.434516     0.988696

     Profile #36 results:

     Atmosphere climatology: Tropical                
     Surface type: Water                    

  Channel         Sensor            Radiance      Brightness     Surface
   Index        Descriptor                        Temperature   Emissivity
  ------------------------------------------------------------------------
       1  >imgr_g11            <     0.925431     299.645661     0.976357
       2  >imgr_g11            <     6.018828     242.884691     0.979403
       3  >imgr_g11            <    97.045518     290.993002     0.991925
       4  >imgr_g11            <   107.478904     287.043384     0.988696

     Profile #37 results:

     Atmosphere climatology: Subarctic summer        
     Cloud   1 type: Water  
     Surface type: Land                     

  Channel         Sensor            Radiance      Brightness     Surface
   Index        Descriptor                        Temperature   Emissivity
  ------------------------------------------------------------------------
       1  >imgr_g11            <     0.066621     246.674515     0.580791
       2  >imgr_g11            <     4.765132     236.570225     0.900000
       3  >imgr_g11            <    42.221779     246.687598     0.963528
       4  >imgr_g11            <    54.774643     247.493241     0.980000

     Profile #38 results:

     Atmosphere climatology: Subarctic winter        
     Surface type: Ice                      

  Channel         Sensor            Radiance      Brightness     Surface
   Index        Descriptor                        Temperature   Emissivity
  ------------------------------------------------------------------------
       1  >imgr_g11            <     0.089602     251.687661     0.978079
       2  >imgr_g11            <     2.727695     222.735827     0.990000
       3  >imgr_g11            <    19.317012     215.699446     0.982745
       4  >imgr_g11            <    26.114831     214.779850     0.959914

     Profile #39 results:

     Atmosphere climatology: Midlatitude summer      
     Cloud   1 type: Rain   
     Cloud   2 type: Snow   
     Surface type: Water                    

  Channel         Sensor            Radiance      Brightness     Surface
   Index        Descriptor                        Temperature   Emissivity
  ------------------------------------------------------------------------
       1  >imgr_g11            <     0.016867     225.819030     0.976357
       2  >imgr_g11            <     3.105431     225.806189     0.979403
       3  >imgr_g11            <    25.541596     225.842270     0.991925
       4  >imgr_g11            <    34.340898     225.829580     0.988696

     Profile #40 results:

     Atmosphere climatology: Tropical                
     Surface type: Land                     

  Channel         Sensor            Radiance      Brightness     Surface
   Index        Descriptor                        Temperature   Emissivity
  ------------------------------------------------------------------------
       1  >imgr_g11            <     1.734471     315.828648     0.580791
       2  >imgr_g11            <     5.682942     241.301303     0.900000
       3  >imgr_g11            <    94.828832     289.553942     0.963528
       4  >imgr_g11            <   106.699489     286.551054     0.980000

     Profile #41 results:

     Atmosphere climatology: Subarctic winter        
     Surface type: Land                     

  Channel         Sensor            Radiance      Brightness     Surface
   Index        Descriptor                        Temperature   Emissivity
  ------------------------------------------------------------------------
       1  >imgr_g11            <     1.624762     314.064577     0.580791
       2  >imgr_g11            <     6.902642     246.747634     0.900000
       3  >imgr_g11            <    58.493471     262.362019     0.963528
       4  >imgr_g11            <    73.095077     263.040807     0.980000

     Profile #42 results:

     Atmosphere climatology: U.S. Standard Atmosphere
     Surface type: Land                     

  Channel         Sensor            Radiance      Brightness     Surface
   Index        Descriptor                        Temperature   Emissivity
  ------------------------------------------------------------------------
       1  >imgr_g11            <     1.676906     314.914947     0.580791
       2  >imgr_g11            <     7.607998     249.566040     0.900000
       3  >imgr_g11            <    68.909913     271.005702     0.963528
       4  >imgr_g11            <    84.655457     271.707005     0.980000

     Profile #43 results:

     Atmosphere climatology: Subarctic summer        
     Surface type: Water                    

  Channel         Sensor            Radiance      Brightness     Surface
   Index        Descriptor                        Temperature   Emissivity
  ------------------------------------------------------------------------
       1  >imgr_g11            <     0.335376     276.728688     0.976357
       2  >imgr_g11            <     4.960421     237.632683     0.979403
       3  >imgr_g11            <    69.899372     271.784125     0.991925
       4  >imgr_g11            <    83.910558     271.169676     0.988696

     Profile #44 results:

     Atmosphere climatology: U.S. Standard Atmosphere
     Cloud   1 type: Rain   
     Surface type: Land                     

  Channel         Sensor            Radiance      Brightness     Surface
   Index        Descriptor                        Temperature   Emissivity
  ------------------------------------------------------------------------
       1  >imgr_g11            <     0.039847     238.436436     0.580791
       2  >imgr_g11            <     4.304441     233.922503     0.900000
       3  >imgr_g11            <    35.029588     238.513589     0.963528
       4  >imgr_g11            <    45.625318     238.544121     0.980000

     Profile #45 results:

     Atmosphere climatology: Tropical                
     Cloud   1 type: Rain   
     Cloud   2 type: Snow   
     Surface type: Land                     

  Channel         Sensor            Radiance      Brightness     Surface
   Index        Descriptor                        Temperature   Emissivity
  ------------------------------------------------------------------------
       1  >imgr_g11            <     0.025788     231.879306     0.580791
       2  >imgr_g11            <     3.314991     227.384298     0.900000
       3  >imgr_g11            <    29.914796     232.010996     0.963528
       4  >imgr_g11            <    39.569213     231.999948     0.980000

     Profile #46 results:

     Atmosphere climatology: Subarctic winter        
     Cloud   1 type: Rain   
     Cloud   2 type: Snow   
     Surface type: Ice                      

  Channel         Sensor            Radiance      Brightness     Surface
   Index        Descriptor                        Temperature   Emissivity
  ------------------------------------------------------------------------
       1  >imgr_g11            <     0.002012     199.673288     0.978079
       2  >imgr_g11            <     0.929677     200.142031     0.990000
       3  >imgr_g11            <    11.754219     199.730765     0.982745
       4  >imgr_g11            <    17.130112     199.711766     0.959914

     Profile #47 results:

     Atmosphere climatology: Subarctic summer        
     Cloud   1 type: Rain   
     Cloud   2 type: Snow   
     Surface type: Water                    

  Channel         Sensor            Radiance      Brightness     Surface
   Index        Descriptor                        Temperature   Emissivity
  ------------------------------------------------------------------------
       1  >imgr_g11            <     0.011224     220.295132     0.976357
       2  >imgr_g11            <     2.352141     219.329323     0.979403
       3  >imgr_g11            <    22.020048     220.340295     0.991925
       4  >imgr_g11            <    30.069750     220.333379     0.988696

     Profile #48 results:

     Atmosphere climatology: Subarctic winter        
     Cloud   1 type: Water  
     Surface type: Snow                     

  Channel         Sensor            Radiance      Brightness     Surface
   Index        Descriptor                        Temperature   Emissivity
  ------------------------------------------------------------------------
       1  >imgr_g11            <     0.042093     239.289206     0.985384
       2  >imgr_g11            <     4.332359     234.089093     0.991000
       3  >imgr_g11            <    35.721880     239.345022     0.991098
       4  >imgr_g11            <    47.155354     240.111933     0.981983

     Profile #49 results:

     Atmosphere climatology: Subarctic winter        
     Cloud   1 type: Water  
     Cloud   2 type: Snow   
     Surface type: Ice                      

  Channel         Sensor            Radiance      Brightness     Surface
   Index        Descriptor                        Temperature   Emissivity
  ------------------------------------------------------------------------
       1  >imgr_g11            <     0.019116     227.572524     0.978079
       2  >imgr_g11            <     3.338779     227.558425     0.990000
       3  >imgr_g11            <    26.716222     227.563921     0.982745
       4  >imgr_g11            <    35.757593     227.556528     0.959914

     Profile #50 results:

     Atmosphere climatology: U.S. Standard Atmosphere
     Cloud   1 type: Rain   
     Cloud   2 type: Snow   
     Surface type: Ice                      

  Channel         Sensor            Radiance      Brightness     Surface
   Index        Descriptor                        Temperature   Emissivity
  ------------------------------------------------------------------------
       1  >imgr_g11            <     0.001366     195.545142     0.978079
       2  >imgr_g11            <     0.711845     195.228181     0.990000
       3  >imgr_g11            <    10.221010     195.652974     0.982745
       4  >imgr_g11            <    15.120830     195.647051     0.959914

     Profile #51 results:

     Atmosphere climatology: U.S. Standard Atmosphere
     Cloud   1 type: Rain   
     Surface type: Land                     

  Channel         Sensor            Radiance      Brightness     Surface
   Index        Descriptor                        Temperature   Emissivity
  ------------------------------------------------------------------------
       1  >imgr_g11            <     0.462129     283.579753     0.580791
       2  >imgr_g11            <     6.770762     246.196360     0.900000
       3  >imgr_g11            <    84.458501     282.545701     0.963528
       4  >imgr_g11            <    98.794288     281.442350     0.980000

     Profile #52 results:

     Atmosphere climatology: U.S. Standard Atmosphere
     Surface type: Water                    

  Channel         Sensor            Radiance      Brightness     Surface
   Index        Descriptor                        Temperature   Emissivity
  ------------------------------------------------------------------------
       1  >imgr_g11            <     0.552608     287.549929     0.976357
       2  >imgr_g11            <     4.570987     235.479863     0.979403
       3  >imgr_g11            <    86.086121     283.677862     0.991925
       4  >imgr_g11            <    99.406633     281.845915     0.988696

     Calling the Forward CRTM with FWD Options...

     Profile # 1 results:

     Atmosphere climatology: Tropical                
     Cloud   1 type: Water  
     Surface type: Land                     

  Channel         Sensor            Radiance      Brightness     Surface
   Index        Descriptor                        Temperature   Emissivity
  ------------------------------------------------------------------------
       1  >imgr_g11            <     0.279327     272.966619     0.800000
       2  >imgr_g11            <     8.372191     252.401998     0.800000
       3  >imgr_g11            <    71.322775     272.892339     0.800000
       4  >imgr_g11            <    87.238935     273.550214     0.800000

     Profile # 2 results:

     Atmosphere climatology: U.S. Standard Atmosphere
     Cloud   1 type: Rain   
     Surface type: Water                    

  Channel         Sensor            Radiance      Brightness     Surface
   Index        Descriptor                        Temperature   Emissivity
  ------------------------------------------------------------------------
       1  >imgr_g11            <     0.069850     247.461570     0.800000
       2  >imgr_g11            <     5.040616     238.059576     0.800000
       3  >imgr_g11            <    43.091401     247.613573     0.800000
       4  >imgr_g11            <    54.933201     247.640068     0.800000

     Profile # 3 results:

     Atmosphere climatology: Subarctic winter        
     Cloud   1 type: Water  
     Cloud   2 type: Rain   
     Cloud   3 type: Snow   
     Surface type: Ice                      

  Channel         Sensor            Radiance      Brightness     Surface
   Index        Descriptor                        Temperature   Emissivity
  ------------------------------------------------------------------------
       1  >imgr_g11            <     0.005903     212.107890     0.800000
       2  >imgr_g11            <     1.689964     212.088622     0.800000
       3  >imgr_g11            <    17.393396     212.120018     0.800000
       4  >imgr_g11            <    24.341627     212.112800     0.800000

     Profile # 4 results:

     Atmosphere climatology: Midlatitude winter      
     Surface type: Water                    

  Channel         Sensor            Radiance      Brightness     Surface
   Index        Descriptor                        Temperature   Emissivity
  ------------------------------------------------------------------------
       1  >imgr_g11            <     1.079392     303.455118     0.800000
       2  >imgr_g11            <     5.435709     240.088920     0.800000
       3  >imgr_g11            <    77.781681     277.760702     0.800000
       4  >imgr_g11            <    94.622194     278.655216     0.800000

     Profile # 5 results:

     Atmosphere climatology: Subarctic summer        
     Cloud   1 type: Rain   
     Cloud   2 type: Snow   
     Surface type: Ice                      

  Channel         Sensor            Radiance      Brightness     Surface
   Index        Descriptor                        Temperature   Emissivity
  ------------------------------------------------------------------------
       1  >imgr_g11            <     0.006316     212.939992     0.800000
       2  >imgr_g11            <     1.839443     213.898987     0.800000
       3  >imgr_g11            <    17.767864     212.837312     0.800000
       4  >imgr_g11            <    24.807398     212.825250     0.800000

     Profile # 6 results:

     Atmosphere climatology: Tropical                
     Surface type: Water                    

  Channel         Sensor            Radiance      Brightness     Surface
   Index        Descriptor                        Temperature   Emissivity
  ------------------------------------------------------------------------
       1  >imgr_g11            <     1.338263     308.941264     0.800000
       2  >imgr_g11            <     5.226576     239.029550     0.800000
       3  >imgr_g11            <   100.300573     293.072017     0.800000
       4  >imgr_g11            <   112.026036     289.877780     0.800000

     Profile # 7 results:

     Atmosphere climatology: Midlatitude summer      
     Cloud   1 type: Water  
     Surface type: Land                     

  Channel         Sensor            Radiance      Brightness     Surface
   Index        Descriptor                        Temperature   Emissivity
  ------------------------------------------------------------------------
       1  >imgr_g11            <     0.210928     267.383321     0.800000
       2  >imgr_g11            <     6.226771     243.831036     0.800000
       3  >imgr_g11            <    64.486429     267.440013     0.800000
       4  >imgr_g11            <    79.997403     268.301593     0.800000

     Profile # 8 results:

     Atmosphere climatology: Midlatitude winter      
     Surface type: Land                     

  Channel         Sensor            Radiance      Brightness     Surface
   Index        Descriptor                        Temperature   Emissivity
  ------------------------------------------------------------------------
       1  >imgr_g11            <     1.008853     301.770310     0.800000
       2  >imgr_g11            <     4.645712     235.903728     0.800000
       3  >imgr_g11            <    73.511261     274.570496     0.800000
       4  >imgr_g11            <    90.057543     275.526545     0.800000

     Profile # 9 results:

     Atmosphere climatology: Subarctic winter        
     Surface type: Snow                     

  Channel         Sensor            Radiance      Brightness     Surface
   Index        Descriptor                        Temperature   Emissivity
  ------------------------------------------------------------------------
       1  >imgr_g11            <     0.772548     295.295924     0.800000
       2  >imgr_g11            <     4.254783     233.624095     0.800000
       3  >imgr_g11            <    30.041190     232.180132     0.800000
       4  >imgr_g11            <    38.973607     231.323759     0.800000

     Profile #10 results:

     Atmosphere climatology: Subarctic winter        
     Cloud   1 type: Water  
     Cloud   2 type: Snow   
     Surface type: Snow                     

  Channel         Sensor            Radiance      Brightness     Surface
   Index        Descriptor                        Temperature   Emissivity
  ------------------------------------------------------------------------
       1  >imgr_g11            <     0.008982     217.385847     0.800000
       2  >imgr_g11            <     2.264647     218.474227     0.800000
       3  >imgr_g11            <    20.209264     217.277464     0.800000
       4  >imgr_g11            <    27.836176     217.259080     0.800000

     Profile #11 results:

     Atmosphere climatology: Subarctic summer        
     Cloud   1 type: Water  
     Cloud   2 type: Snow   
     Surface type: Water                    

  Channel         Sensor            Radiance      Brightness     Surface
   Index        Descriptor                        Temperature   Emissivity
  ------------------------------------------------------------------------
       1  >imgr_g11            <     0.011059     220.099886     0.800000
       2  >imgr_g11            <     2.562819     221.289241     0.800000
       3  >imgr_g11            <    21.827513     220.022918     0.800000
       4  >imgr_g11            <    29.815996     219.991632     0.800000

     Profile #12 results:

     Atmosphere climatology: Subarctic winter        
     Cloud   1 type: Water  
     Cloud   2 type: Snow   
     Surface type: Snow                     

  Channel         Sensor            Radiance      Brightness     Surface
   Index        Descriptor                        Temperature   Emissivity
  ------------------------------------------------------------------------
       1  >imgr_g11            <     0.010350     219.227818     0.800000
       2  >imgr_g11            <     2.316292     218.982076     0.800000
       3  >imgr_g11            <    21.366361     219.254985     0.800000
       4  >imgr_g11            <    29.269052     219.248656     0.800000

     Profile #13 results:

     Atmosphere climatology: Subarctic winter        
     Cloud   1 type: Water  
     Cloud   2 type: Snow   
     Surface type: Ice                      

  Channel         Sensor            Radiance      Brightness     Surface
   Index        Descriptor                        Temperature   Emissivity
  ------------------------------------------------------------------------
       1  >imgr_g11            <     0.004761     209.501813     0.800000
       2  >imgr_g11            <     1.530521     210.010250     0.800000
       3  >imgr_g11            <    16.076304     209.509505     0.800000
       4  >imgr_g11            <    22.663041     209.468911     0.800000

     Profile #14 results:

     Atmosphere climatology: Subarctic winter        
     Cloud   1 type: Water  
     Cloud   2 type: Snow   
     Surface type: Ice                      

  Channel         Sensor            Radiance      Brightness     Surface
   Index        Descriptor                        Temperature   Emissivity
  ------------------------------------------------------------------------
       1  >imgr_g11            <     0.003573     206.121336     0.800000
       2  >imgr_g11            <     1.288882     206.501118     0.800000
       3  >imgr_g11            <    14.506707     206.198055     0.800000
       4  >imgr_g11            <    20.673651     206.163704     0.800000

     Profile #15 results:

     Atmosphere climatology: Subarctic winter        
     Cloud   1 type: Rain   
     Surface type: Land                     

  Channel         Sensor            Radiance      Brightness     Surface
   Index        Descriptor                        Temperature   Emissivity
  ------------------------------------------------------------------------
       1  >imgr_g11            <     0.072988     248.197149     0.800000
       2  >imgr_g11            <     4.295579     233.869446     0.800000
       3  >imgr_g11            <    43.959330     248.525953     0.800000
       4  >imgr_g11            <    55.904087     248.533650     0.800000

     Profile #16 results:

     Atmosphere climatology: Tropical                
     Cloud   1 type: Rain   
     Surface type: Water                    

  Channel         Sensor            Radiance      Brightness     Surface
   Index        Descriptor                        Temperature   Emissivity
  ------------------------------------------------------------------------
       1  >imgr_g11            <     0.296457     274.179863     0.800000
       2  >imgr_g11            <     5.247005     239.134468     0.800000
       3  >imgr_g11            <    73.193715     274.328881     0.800000
       4  >imgr_g11            <    87.880515     274.003183     0.800000

     Profile #17 results:

     Atmosphere climatology: Midlatitude winter      
     Cloud   1 type: Rain   
     Surface type: Land                     

  Channel         Sensor            Radiance      Brightness     Surface
   Index        Descriptor                        Temperature   Emissivity
  ------------------------------------------------------------------------
       1  >imgr_g11            <     0.062307     245.569462     0.800000
       2  >imgr_g11            <     5.540220     240.606527     0.800000
       3  >imgr_g11            <    41.422502     245.825733     0.800000
       4  >imgr_g11            <    53.030801     245.861346     0.800000

     Profile #18 results:

     Atmosphere climatology: U.S. Standard Atmosphere
     Cloud   1 type: Water  
     Surface type: Land                     

  Channel         Sensor            Radiance      Brightness     Surface
   Index        Descriptor                        Temperature   Emissivity
  ------------------------------------------------------------------------
       1  >imgr_g11            <     0.145631     260.358669     0.800000
       2  >imgr_g11            <     4.771974     236.608020     0.800000
       3  >imgr_g11            <    56.331662     260.451851     0.800000
       4  >imgr_g11            <    70.876730     261.289787     0.800000

     Profile #19 results:

     Atmosphere climatology: Subarctic summer        
     Cloud   1 type: Rain   
     Cloud   2 type: Snow   
     Surface type: Land                     

  Channel         Sensor            Radiance      Brightness     Surface
   Index        Descriptor                        Temperature   Emissivity
  ------------------------------------------------------------------------
       1  >imgr_g11            <     0.005532     211.314890     0.800000
       2  >imgr_g11            <     1.729454     212.578968     0.800000
       3  >imgr_g11            <    16.933861     211.225151     0.800000
       4  >imgr_g11            <    23.742836     211.183723     0.800000

     Profile #20 results:

     Atmosphere climatology: Subarctic winter        
     Cloud   1 type: Rain   
     Cloud   2 type: Snow   
     Surface type: Snow                     

  Channel         Sensor            Radiance      Brightness     Surface
   Index        Descriptor                        Temperature   Emissivity
  ------------------------------------------------------------------------
       1  >imgr_g11            <     0.002391     201.570449     0.800000
       2  >imgr_g11            <     0.998022     201.489440     0.800000
       3  >imgr_g11            <    12.536294     201.667558     0.800000
       4  >imgr_g11            <    18.151813     201.656636     0.800000

     Profile #21 results:

     Atmosphere climatology: Tropical                
     Cloud   1 type: Rain   
     Cloud   2 type: Snow   
     Surface type: Water                    

  Channel         Sensor            Radiance      Brightness     Surface
   Index        Descriptor                        Temperature   Emissivity
  ------------------------------------------------------------------------
       1  >imgr_g11            <     0.028751     233.484258     0.800000
       2  >imgr_g11            <     3.598537     229.399139     0.800000
       3  >imgr_g11            <    31.134615     233.624150     0.800000
       4  >imgr_g11            <    41.013181     233.613495     0.800000

     Profile #22 results:

     Atmosphere climatology: Subarctic winter        
     Cloud   1 type: Rain   
     Cloud   2 type: Snow   
     Surface type: Snow                     

  Channel         Sensor            Radiance      Brightness     Surface
   Index        Descriptor                        Temperature   Emissivity
  ------------------------------------------------------------------------
       1  >imgr_g11            <     0.022453     229.867140     0.800000
       2  >imgr_g11            <     3.563621     229.157908     0.800000
       3  >imgr_g11            <    28.393247     229.936919     0.800000
       4  >imgr_g11            <    37.764900     229.931493     0.800000

     Profile #23 results:

     Atmosphere climatology: Subarctic summer        
     Cloud   1 type: Rain   
     Cloud   2 type: Snow   
     Surface type: Ice                      

  Channel         Sensor            Radiance      Brightness     Surface
   Index        Descriptor                        Temperature   Emissivity
  ------------------------------------------------------------------------
       1  >imgr_g11            <     0.007034     214.279936     0.800000
       2  >imgr_g11            <     2.084857     216.631159     0.800000
       3  >imgr_g11            <    18.404636     214.033642     0.800000
       4  >imgr_g11            <    25.577927     213.985035     0.800000

     Profile #24 results:

     Atmosphere climatology: Subarctic winter        
     Cloud   1 type: Water  
     Surface type: Ice                      

  Channel         Sensor            Radiance      Brightness     Surface
   Index        Descriptor                        Temperature   Emissivity
  ------------------------------------------------------------------------
       1  >imgr_g11            <     0.047248     241.105647     0.800000
       2  >imgr_g11            <     4.838942     236.975698     0.800000
       3  >imgr_g11            <    37.310779     241.214580     0.800000
       4  >imgr_g11            <    49.022995     241.984285     0.800000

     Profile #25 results:

     Atmosphere climatology: Tropical                
     Surface type: Water                    

  Channel         Sensor            Radiance      Brightness     Surface
   Index        Descriptor                        Temperature   Emissivity
  ------------------------------------------------------------------------
       1  >imgr_g11            <     1.503674     311.998900     0.800000
       2  >imgr_g11            <     5.402832     239.924498     0.800000
       3  >imgr_g11            <   103.638574     295.163905     0.800000
       4  >imgr_g11            <   116.225837     292.440975     0.800000

     Profile #26 results:

     Atmosphere climatology: Tropical                
     Surface type: Water                    

  Channel         Sensor            Radiance      Brightness     Surface
   Index        Descriptor                        Temperature   Emissivity
  ------------------------------------------------------------------------
       1  >imgr_g11            <     1.240501     306.982937     0.800000
       2  >imgr_g11            <     5.294265     239.375971     0.800000
       3  >imgr_g11            <    94.614570     289.413812     0.800000
       4  >imgr_g11            <   105.662735     285.893129     0.800000

     Profile #27 results:

     Atmosphere climatology: Subarctic winter        
     Cloud   1 type: Rain   
     Surface type: Snow                     

  Channel         Sensor            Radiance      Brightness     Surface
   Index        Descriptor                        Temperature   Emissivity
  ------------------------------------------------------------------------
       1  >imgr_g11            <     0.027344     232.741301     0.800000
       2  >imgr_g11            <     3.564125     229.161407     0.800000
       3  >imgr_g11            <    30.643144     232.979285     0.800000
       4  >imgr_g11            <    40.436999     232.973933     0.800000

     Profile #28 results:

     Atmosphere climatology: Subarctic winter        
     Surface type: Snow                     

  Channel         Sensor            Radiance      Brightness     Surface
   Index        Descriptor                        Temperature   Emissivity
  ------------------------------------------------------------------------
       1  >imgr_g11            <     0.779342     295.503952     0.800000
       2  >imgr_g11            <     4.121260     232.808011     0.800000
       3  >imgr_g11            <    32.371452     235.218021     0.800000
       4  >imgr_g11            <    41.909639     234.597616     0.800000

     Profile #29 results:

     Atmosphere climatology: U.S. Standard Atmosphere
     Surface type: Ice                      

  Channel         Sensor            Radiance      Brightness     Surface
   Index        Descriptor                        Temperature   Emissivity
  ------------------------------------------------------------------------
       1  >imgr_g11            <     0.910447     299.247190     0.800000
       2  >imgr_g11            <     7.312224     248.409693     0.800000
       3  >imgr_g11            <    55.714731     259.898432     0.800000
       4  >imgr_g11            <    68.976406     259.764412     0.800000

     Profile #30 results:

     Atmosphere climatology: U.S. Standard Atmosphere
     Cloud   1 type: Water  
     Cloud   2 type: Snow   
     Surface type: Land                     

  Channel         Sensor            Radiance      Brightness     Surface
   Index        Descriptor                        Temperature   Emissivity
  ------------------------------------------------------------------------
       1  >imgr_g11            <     0.017366     226.225619     0.800000
       2  >imgr_g11            <     3.166409     226.273827     0.800000
       3  >imgr_g11            <    25.800687     226.226482     0.800000
       4  >imgr_g11            <    34.655374     226.216740     0.800000

     Profile #31 results:

     Atmosphere climatology: Midlatitude winter      
     Cloud   1 type: Water  
     Cloud   2 type: Rain   
     Cloud   3 type: Snow   
     Surface type: Land                     

  Channel         Sensor            Radiance      Brightness     Surface
   Index        Descriptor                        Temperature   Emissivity
  ------------------------------------------------------------------------
       1  >imgr_g11            <     0.009942     218.701688     0.800000
       2  >imgr_g11            <     2.257985     218.408041     0.800000
       3  >imgr_g11            <    21.054167     218.728724     0.800000
       4  >imgr_g11            <    28.882262     218.717859     0.800000

     Profile #32 results:

     Atmosphere climatology: Subarctic winter        
     Cloud   1 type: Rain   
     Surface type: Ice                      

  Channel         Sensor            Radiance      Brightness     Surface
   Index        Descriptor                        Temperature   Emissivity
  ------------------------------------------------------------------------
       1  >imgr_g11            <     0.043280     239.723668     0.800000
       2  >imgr_g11            <     4.442433     234.737854     0.800000
       3  >imgr_g11            <    36.265438     239.990538     0.800000
       4  >imgr_g11            <    47.063369     240.018560     0.800000

     Profile #33 results:

     Atmosphere climatology: Tropical                
     Surface type: Water                    

  Channel         Sensor            Radiance      Brightness     Surface
   Index        Descriptor                        Temperature   Emissivity
  ------------------------------------------------------------------------
       1  >imgr_g11            <     1.285888     307.907511     0.800000
       2  >imgr_g11            <     5.271389     239.259280     0.800000
       3  >imgr_g11            <    99.079006     292.296443     0.800000
       4  >imgr_g11            <   111.546628     289.581920     0.800000

     Profile #34 results:

     Atmosphere climatology: Subarctic winter        
     Surface type: Snow                     

  Channel         Sensor            Radiance      Brightness     Surface
   Index        Descriptor                        Temperature   Emissivity
  ------------------------------------------------------------------------
       1  >imgr_g11            <     0.766361     295.105170     0.800000
       2  >imgr_g11            <     3.936418     231.643446     0.800000
       3  >imgr_g11            <    28.139379     229.583769     0.800000
       4  >imgr_g11            <    36.848703     228.857535     0.800000

     Profile #35 results:

     Atmosphere climatology: U.S. Standard Atmosphere
     Cloud   1 type: Water  
     Cloud   2 type: Rain   
     Cloud   3 type: Snow   
     Surface type: Water                    

  Channel         Sensor            Radiance      Brightness     Surface
   Index        Descriptor                        Temperature   Emissivity
  ------------------------------------------------------------------------
       1  >imgr_g11            <     0.021640     229.336942     0.800000
       2  >imgr_g11            <     3.448298     228.347757     0.800000
       3  >imgr_g11            <    28.036676     229.440302     0.800000
       4  >imgr_g11            <    37.339180     229.434516     0.800000

     Profile #36 results:

     Atmosphere climatology: Tropical                
     Surface type: Water                    

  Channel         Sensor            Radiance      Brightness     Surface
   Index        Descriptor                        Temperature   Emissivity
  ------------------------------------------------------------------------
       1  >imgr_g11            <     1.310565     308.398855     0.800000
       2  >imgr_g11            <     6.018828     242.884691     0.800000
       3  >imgr_g11            <    96.864154     290.875984     0.800000
       4  >imgr_g11            <   107.458515     287.030529     0.800000

     Profile #37 results:

     Atmosphere climatology: Subarctic summer        
     Cloud   1 type: Water  
     Surface type: Land                     

  Channel         Sensor            Radiance      Brightness     Surface
   Index        Descriptor                        Temperature   Emissivity
  ------------------------------------------------------------------------
       1  >imgr_g11            <     0.066621     246.674515     0.800000
       2  >imgr_g11            <     4.765132     236.570225     0.800000
       3  >imgr_g11            <    42.221779     246.687598     0.800000
       4  >imgr_g11            <    54.774643     247.493241     0.800000

     Profile #38 results:

     Atmosphere climatology: Subarctic winter        
     Surface type: Ice                      

  Channel         Sensor            Radiance      Brightness     Surface
   Index        Descriptor                        Temperature   Emissivity
  ------------------------------------------------------------------------
       1  >imgr_g11            <     0.744645     294.425176     0.800000
       2  >imgr_g11            <     2.762314     223.030737     0.800000
       3  >imgr_g11            <    15.808632     208.961105     0.800000
       4  >imgr_g11            <    21.896919     208.219543     0.800000

     Profile #39 results:

     Atmosphere climatology: Midlatitude summer      
     Cloud   1 type: Rain   
     Cloud   2 type: Snow   
     Surface type: Water                    

  Channel         Sensor            Radiance      Brightness     Surface
   Index        Descriptor                        Temperature   Emissivity
  ------------------------------------------------------------------------
       1  >imgr_g11            <     0.016867     225.819030     0.800000
       2  >imgr_g11            <     3.105431     225.806189     0.800000
       3  >imgr_g11            <    25.541596     225.842270     0.800000
       4  >imgr_g11            <    34.340898     225.829580     0.800000

     Profile #40 results:

     Atmosphere climatology: Tropical                
     Surface type: Land                     

  Channel         Sensor            Radiance      Brightness     Surface
   Index        Descriptor                        Temperature   Emissivity
  ------------------------------------------------------------------------
       1  >imgr_g11            <     1.219591     306.547448     0.800000
       2  >imgr_g11            <     5.682942     241.301303     0.800000
       3  >imgr_g11            <    94.499376     289.338397     0.800000
       4  >imgr_g11            <   106.645956     286.517168     0.800000

     Profile #41 results:

     Atmosphere climatology: Subarctic winter        
     Surface type: Land                     

  Channel         Sensor            Radiance      Brightness     Surface
   Index        Descriptor                        Temperature   Emissivity
  ------------------------------------------------------------------------
       1  >imgr_g11            <     0.863494     297.961898     0.800000
       2  >imgr_g11            <     6.902641     246.747630     0.800000
       3  >imgr_g11            <    49.324387     253.926999     0.800000
       4  >imgr_g11            <    61.561500     253.565649     0.800000

     Profile #42 results:

     Atmosphere climatology: U.S. Standard Atmosphere
     Surface type: Land                     

  Channel         Sensor            Radiance      Brightness     Surface
   Index        Descriptor                        Temperature   Emissivity
  ------------------------------------------------------------------------
       1  >imgr_g11            <     0.937624     299.965974     0.800000
       2  >imgr_g11            <     7.607998     249.566039     0.800000
       3  >imgr_g11            <    58.427776     262.304620     0.800000
       4  >imgr_g11            <    72.085378     262.247675     0.800000

     Profile #43 results:

     Atmosphere climatology: Subarctic summer        
     Surface type: Water                    

  Channel         Sensor            Radiance      Brightness     Surface
   Index        Descriptor                        Temperature   Emissivity
  ------------------------------------------------------------------------
       1  >imgr_g11            <     0.915580     299.384318     0.800000
       2  >imgr_g11            <     4.960421     237.632683     0.800000
       3  >imgr_g11            <    59.216736     262.991339     0.800000
       4  >imgr_g11            <    73.672643     263.491656     0.800000

     Profile #44 results:

     Atmosphere climatology: U.S. Standard Atmosphere
     Cloud   1 type: Rain   
     Surface type: Land                     

  Channel         Sensor            Radiance      Brightness     Surface
   Index        Descriptor                        Temperature   Emissivity
  ------------------------------------------------------------------------
       1  >imgr_g11            <     0.039847     238.436436     0.800000
       2  >imgr_g11            <     4.304441     233.922503     0.800000
       3  >imgr_g11            <    35.029588     238.513589     0.800000
       4  >imgr_g11            <    45.625318     238.544121     0.800000

     Profile #45 results:

     Atmosphere climatology: Tropical                
     Cloud   1 type: Rain   
     Cloud   2 type: Snow   
     Surface type: Land                     

  Channel         Sensor            Radiance      Brightness     Surface
   Index        Descriptor                        Temperature   Emissivity
  ------------------------------------------------------------------------
       1  >imgr_g11            <     0.025788     231.879306     0.800000
       2  >imgr_g11            <     3.314991     227.384298     0.800000
       3  >imgr_g11            <    29.914796     232.010996     0.800000
       4  >imgr_g11            <    39.569213     231.999948     0.800000

     Profile #46 results:

     Atmosphere climatology: Subarctic winter        
     Cloud   1 type: Rain   
     Cloud   2 type: Snow   
     Surface type: Ice                      

  Channel         Sensor            Radiance      Brightness     Surface
   Index        Descriptor                        Temperature   Emissivity
  ------------------------------------------------------------------------
       1  >imgr_g11            <     0.002012     199.673288     0.800000
       2  >imgr_g11            <     0.929677     200.142031     0.800000
       3  >imgr_g11            <    11.754219     199.730765     0.800000
       4  >imgr_g11            <    17.130112     199.711766     0.800000

     Profile #47 results:

     Atmosphere climatology: Subarctic summer        
     Cloud   1 type: Rain   
     Cloud   2 type: Snow   
     Surface type: Water                    

  Channel         Sensor            Radiance      Brightness     Surface
   Index        Descriptor                        Temperature   Emissivity
  ------------------------------------------------------------------------
       1  >imgr_g11            <     0.011224     220.295132     0.800000
       2  >imgr_g11            <     2.352141     219.329323     0.800000
       3  >imgr_g11            <    22.020048     220.340295     0.800000
       4  >imgr_g11            <    30.069750     220.333379     0.800000

     Profile #48 results:

     Atmosphere climatology: Subarctic winter        
     Cloud   1 type: Water  
     Surface type: Snow                     

  Channel         Sensor            Radiance      Brightness     Surface
   Index        Descriptor                        Temperature   Emissivity
  ------------------------------------------------------------------------
       1  >imgr_g11            <     0.042093     239.289206     0.800000
       2  >imgr_g11            <     4.332359     234.089093     0.800000
       3  >imgr_g11            <    35.721880     239.345022     0.800000
       4  >imgr_g11            <    47.155354     240.111933     0.800000

     Profile #49 results:

     Atmosphere climatology: Subarctic winter        
     Cloud   1 type: Water  
     Cloud   2 type: Snow   
     Surface type: Ice                      

  Channel         Sensor            Radiance      Brightness     Surface
   Index        Descriptor                        Temperature   Emissivity
  ------------------------------------------------------------------------
       1  >imgr_g11            <     0.019116     227.572524     0.800000
       2  >imgr_g11            <     3.338779     227.558425     0.800000
       3  >imgr_g11            <    26.716222     227.563921     0.800000
       4  >imgr_g11            <    35.757593     227.556528     0.800000

     Profile #50 results:

     Atmosphere climatology: U.S. Standard Atmosphere
     Cloud   1 type: Rain   
     Cloud   2 type: Snow   
     Surface type: Ice                      

  Channel         Sensor            Radiance      Brightness     Surface
   Index        Descriptor                        Temperature   Emissivity
  ------------------------------------------------------------------------
       1  >imgr_g11            <     0.001366     195.545142     0.800000
       2  >imgr_g11            <     0.711845     195.228181     0.800000
       3  >imgr_g11            <    10.221010     195.652974     0.800000
       4  >imgr_g11            <    15.120830     195.647051     0.800000

     Profile #51 results:

     Atmosphere climatology: U.S. Standard Atmosphere
     Cloud   1 type: Rain   
     Surface type: Land                     

  Channel         Sensor            Radiance      Brightness     Surface
   Index        Descriptor                        Temperature   Emissivity
  ------------------------------------------------------------------------
       1  >imgr_g11            <     0.462129     283.579753     0.800000
       2  >imgr_g11            <     6.770762     246.196360     0.800000
       3  >imgr_g11            <    84.458501     282.545701     0.800000
       4  >imgr_g11            <    98.794288     281.442350     0.800000

     Profile #52 results:

     Atmosphere climatology: U.S. Standard Atmosphere
     Surface type: Water                    

  Channel         Sensor            Radiance      Brightness     Surface
   Index        Descriptor                        Temperature   Emissivity
  ------------------------------------------------------------------------
       1  >imgr_g11            <     1.054471     302.870689     0.800000
       2  >imgr_g11            <     4.570987     235.479863     0.800000
       3  >imgr_g11            <    80.869642     280.002859     0.800000
       4  >imgr_g11            <    96.617443     279.996425     0.800000
