
     Number of channels indexed:     4

  Channel        SensorID            WMO           WMO     Channel
   Index                         Satellite ID   Sensor ID   Number
  ----------------------------------------------------------------
       1  >imgr_g11            <     255           615          2
       2  >imgr_g11            <     255           615          3
       3  >imgr_g11            <     255           615          4
       4  >imgr_g11            <     255           615          5

      Emissivity option OFF Clouds ON

     Profile # 1 results:

     Atmosphere climatology: Tropical                
     Cloud   1 type: Water  
     Surface type: Land                     

  Channel         Sensor            Radiance          Tb         Surface     Emissivity_TL   Radiance_TL       Tb_TL  
   Index        Descriptor                                      Emissivity
  ---------------------------------------------------------------------------------------------------------------------
       1  >imgr_g11            <     0.277367     272.823826     0.580791     0.000000       0.000000       0.000000
       2  >imgr_g11            <     8.195263     251.763587     0.900000     0.000000       0.000000       0.000000
       3  >imgr_g11            <    71.833384     273.286625     0.963528     0.000000       0.000000       0.000000
       4  >imgr_g11            <    86.478342     273.010789     0.980000     0.000000       0.000000       0.000000

     Profile # 2 results:

     Atmosphere climatology: U.S. Standard Atmosphere
     Cloud   1 type: Rain   
     Surface type: Water                    

  Channel         Sensor            Radiance          Tb         Surface     Emissivity_TL   Radiance_TL       Tb_TL  
   Index        Descriptor                                      Emissivity
  ---------------------------------------------------------------------------------------------------------------------
       1  >imgr_g11            <     0.069503     247.378619     0.974118     0.000000       0.000000       0.000000
       2  >imgr_g11            <     4.965587     237.660344     0.977320     0.000000       0.000000       0.000000
       3  >imgr_g11            <    43.253276     247.784620     0.990749     0.000000       0.000000       0.000000
       4  >imgr_g11            <    55.048772     247.746929     0.986886     0.000000       0.000000       0.000000

     Profile # 3 results:

     Atmosphere climatology: Subarctic winter        
     Cloud   1 type: Water  
     Cloud   2 type: Rain   
     Cloud   3 type: Snow   
     Surface type: Ice                      

  Channel         Sensor            Radiance          Tb         Surface     Emissivity_TL   Radiance_TL       Tb_TL  
   Index        Descriptor                                      Emissivity
  ---------------------------------------------------------------------------------------------------------------------
       1  >imgr_g11            <     0.005900     212.100839     0.978079     0.000000       0.000000       0.000000
       2  >imgr_g11            <     1.689917     212.088034     0.990000     0.000000       0.000000       0.000000
       3  >imgr_g11            <    17.395683     212.124430     0.982745     0.000000       0.000000       0.000000
       4  >imgr_g11            <    24.347287     212.121510     0.959914     0.000000       0.000000       0.000000

     Profile # 4 results:

     Atmosphere climatology: Midlatitude winter      
     Surface type: Water                    

  Channel         Sensor            Radiance          Tb         Surface     Emissivity_TL   Radiance_TL       Tb_TL  
   Index        Descriptor                                      Emissivity
  ---------------------------------------------------------------------------------------------------------------------
       1  >imgr_g11            <     0.555533     287.668833     0.974118     0.000000       0.018980       0.769835
       2  >imgr_g11            <     5.194769     238.865565     0.977320     0.000000       0.000000       0.000000
       3  >imgr_g11            <    87.028419     284.327554     0.990749     0.000000       1.118418       0.768657
       4  >imgr_g11            <   101.305858     283.088967     0.986886     0.000000       0.973039       0.633564

     Profile # 5 results:

     Atmosphere climatology: Subarctic summer        
     Cloud   1 type: Rain   
     Cloud   2 type: Snow   
     Surface type: Ice                      

  Channel         Sensor            Radiance          Tb         Surface     Emissivity_TL   Radiance_TL       Tb_TL  
   Index        Descriptor                                      Emissivity
  ---------------------------------------------------------------------------------------------------------------------
       1  >imgr_g11            <     0.006322     212.952120     0.978079     0.000000       0.000000       0.000000
       2  >imgr_g11            <     1.846653     213.983294     0.990000     0.000000       0.000000       0.000000
       3  >imgr_g11            <    17.771459     212.844147     0.982745     0.000000       0.000000       0.000000
       4  >imgr_g11            <    24.814301     212.835744     0.959914     0.000000       0.000000       0.000000

     Profile # 6 results:

     Atmosphere climatology: Tropical                
     Surface type: Water                    

  Channel         Sensor            Radiance          Tb         Surface     Emissivity_TL   Radiance_TL       Tb_TL  
   Index        Descriptor                                      Emissivity
  ---------------------------------------------------------------------------------------------------------------------
       1  >imgr_g11            <     0.931863     299.815071     0.974118     0.000000       0.029610       0.777585
       2  >imgr_g11            <     5.024274     237.973015     0.977320     0.000000       0.000000       0.000000
       3  >imgr_g11            <    99.969017     292.862055     0.990749     0.000000       0.378538       0.239944
       4  >imgr_g11            <   110.606521     288.999745     0.986886     0.000000       0.169976       0.105502

     Profile # 7 results:

     Atmosphere climatology: Midlatitude summer      
     Cloud   1 type: Water  
     Surface type: Land                     

  Channel         Sensor            Radiance          Tb         Surface     Emissivity_TL   Radiance_TL       Tb_TL  
   Index        Descriptor                                      Emissivity
  ---------------------------------------------------------------------------------------------------------------------
       1  >imgr_g11            <     0.209473     267.248619     0.580791     0.000000       0.000000       0.000000
       2  >imgr_g11            <     5.991872     242.760178     0.900000     0.000000       0.000000       0.000000
       3  >imgr_g11            <    65.003491     267.864342     0.963528     0.000000       0.000000       0.000000
       4  >imgr_g11            <    79.292333     267.776413     0.980000     0.000000       0.000000       0.000000

     Profile # 8 results:

     Atmosphere climatology: Midlatitude winter      
     Surface type: Land                     

  Channel         Sensor            Radiance          Tb         Surface     Emissivity_TL   Radiance_TL       Tb_TL  
   Index        Descriptor                                      Emissivity
  ---------------------------------------------------------------------------------------------------------------------
       1  >imgr_g11            <     1.645425     314.404222     0.580791     0.000000       0.009679       0.158266
       2  >imgr_g11            <     4.479143     234.951431     0.900000     0.000000       0.000000       0.000000
       3  >imgr_g11            <    80.399668     279.664941     0.963528     0.000000       1.015164       0.731183
       4  >imgr_g11            <    95.399912     279.179846     0.980000     0.000000       0.892086       0.600416

     Profile # 9 results:

     Atmosphere climatology: Subarctic winter        
     Surface type: Snow                     

  Channel         Sensor            Radiance          Tb         Surface     Emissivity_TL   Radiance_TL       Tb_TL  
   Index        Descriptor                                      Emissivity
  ---------------------------------------------------------------------------------------------------------------------
       1  >imgr_g11            <     0.098325     253.301402     0.985384     0.000000       0.002591       0.460671
       2  >imgr_g11            <     4.164909     233.077032     0.991000     0.000000       0.006434       0.039495
       3  >imgr_g11            <    36.984956     240.835462     0.991098     0.000000       0.844373       0.985278
       4  >imgr_g11            <    47.414974     240.374872     0.981983     0.000000       0.964802       0.975508

     Profile #10 results:

     Atmosphere climatology: Subarctic winter        
     Cloud   1 type: Water  
     Cloud   2 type: Snow   
     Surface type: Snow                     

  Channel         Sensor            Radiance          Tb         Surface     Emissivity_TL   Radiance_TL       Tb_TL  
   Index        Descriptor                                      Emissivity
  ---------------------------------------------------------------------------------------------------------------------
       1  >imgr_g11            <     0.008993     217.401636     0.985384     0.000000       0.000000       0.000000
       2  >imgr_g11            <     2.274495     218.571767     0.991000     0.000000       0.000000       0.000000
       3  >imgr_g11            <    20.214473     217.286536     0.991098     0.000000       0.000000       0.000000
       4  >imgr_g11            <    27.844671     217.271067     0.981983     0.000000       0.000000       0.000000

     Profile #11 results:

     Atmosphere climatology: Subarctic summer        
     Cloud   1 type: Water  
     Cloud   2 type: Snow   
     Surface type: Water                    

  Channel         Sensor            Radiance          Tb         Surface     Emissivity_TL   Radiance_TL       Tb_TL  
   Index        Descriptor                                      Emissivity
  ---------------------------------------------------------------------------------------------------------------------
       1  >imgr_g11            <     0.011072     220.115111     0.974118     0.000000       0.000000       0.000000
       2  >imgr_g11            <     2.574194     221.391369     0.977320     0.000000       0.000000       0.000000
       3  >imgr_g11            <    21.835166     220.035568     0.990749     0.000000       0.000000       0.000000
       4  >imgr_g11            <    29.826018     220.005165     0.986886     0.000000       0.000000       0.000000

     Profile #12 results:

     Atmosphere climatology: Subarctic winter        
     Cloud   1 type: Water  
     Cloud   2 type: Snow   
     Surface type: Snow                     

  Channel         Sensor            Radiance          Tb         Surface     Emissivity_TL   Radiance_TL       Tb_TL  
   Index        Descriptor                                      Emissivity
  ---------------------------------------------------------------------------------------------------------------------
       1  >imgr_g11            <     0.010342     219.217658     0.985384     0.000000       0.000000       0.000000
       2  >imgr_g11            <     2.313988     218.959606     0.991000     0.000000       0.000000       0.000000
       3  >imgr_g11            <    21.368864     219.259183     0.991098     0.000000       0.000000       0.000000
       4  >imgr_g11            <    29.275635     219.257651     0.981983     0.000000       0.000000       0.000000

     Profile #13 results:

     Atmosphere climatology: Subarctic winter        
     Cloud   1 type: Water  
     Cloud   2 type: Snow   
     Surface type: Ice                      

  Channel         Sensor            Radiance          Tb         Surface     Emissivity_TL   Radiance_TL       Tb_TL  
   Index        Descriptor                                      Emissivity
  ---------------------------------------------------------------------------------------------------------------------
       1  >imgr_g11            <     0.004764     209.509980     0.978079     0.000000       0.000000       0.000000
       2  >imgr_g11            <     1.533703     210.053390     0.990000     0.000000       0.000000       0.000000
       3  >imgr_g11            <    16.082954     209.523048     0.982745     0.000000       0.000000       0.000000
       4  >imgr_g11            <    22.670885     209.481559     0.959914     0.000000       0.000000       0.000000

     Profile #14 results:

     Atmosphere climatology: Subarctic winter        
     Cloud   1 type: Water  
     Cloud   2 type: Snow   
     Surface type: Ice                      

  Channel         Sensor            Radiance          Tb         Surface     Emissivity_TL   Radiance_TL       Tb_TL  
   Index        Descriptor                                      Emissivity
  ---------------------------------------------------------------------------------------------------------------------
       1  >imgr_g11            <     0.003571     206.114812     0.978079     0.000000       0.000000       0.000000
       2  >imgr_g11            <     1.289616     206.512557     0.990000     0.000000       0.000000       0.000000
       3  >imgr_g11            <    14.511731     206.209040     0.982745     0.000000       0.000000       0.000000
       4  >imgr_g11            <    20.679801     206.174237     0.959914     0.000000       0.000000       0.000000

     Profile #15 results:

     Atmosphere climatology: Subarctic winter        
     Cloud   1 type: Rain   
     Surface type: Land                     

  Channel         Sensor            Radiance          Tb         Surface     Emissivity_TL   Radiance_TL       Tb_TL  
   Index        Descriptor                                      Emissivity
  ---------------------------------------------------------------------------------------------------------------------
       1  >imgr_g11            <     0.072537     248.093024     0.580791     0.000000       0.000000       0.000000
       2  >imgr_g11            <     4.161737     233.057558     0.900000     0.000000       0.000000       0.000000
       3  >imgr_g11            <    44.126760     248.700637     0.963528     0.000000       0.000000       0.000000
       4  >imgr_g11            <    56.019902     248.639624     0.980000     0.000000       0.000000       0.000000

     Profile #16 results:

     Atmosphere climatology: Tropical                
     Cloud   1 type: Rain   
     Surface type: Water                    

  Channel         Sensor            Radiance          Tb         Surface     Emissivity_TL   Radiance_TL       Tb_TL  
   Index        Descriptor                                      Emissivity
  ---------------------------------------------------------------------------------------------------------------------
       1  >imgr_g11            <     0.294394     274.036956     0.974118     0.000000       0.000000       0.000000
       2  >imgr_g11            <     5.058882     238.156072     0.977320     0.000000       0.000000       0.000000
       3  >imgr_g11            <    73.391851     274.479713     0.990749     0.000000       0.000000       0.000000
       4  >imgr_g11            <    87.911926     274.025312     0.986886     0.000000       0.000000       0.000000

     Profile #17 results:

     Atmosphere climatology: Midlatitude winter      
     Cloud   1 type: Rain   
     Surface type: Land                     

  Channel         Sensor            Radiance          Tb         Surface     Emissivity_TL   Radiance_TL       Tb_TL  
   Index        Descriptor                                      Emissivity
  ---------------------------------------------------------------------------------------------------------------------
       1  >imgr_g11            <     0.061948     245.474407     0.580791     0.000000       0.000000       0.000000
       2  >imgr_g11            <     5.451695     240.168587     0.900000     0.000000       0.000000       0.000000
       3  >imgr_g11            <    41.580971     245.997450     0.963528     0.000000       0.000000       0.000000
       4  >imgr_g11            <    53.147763     245.971797     0.980000     0.000000       0.000000       0.000000

     Profile #18 results:

     Atmosphere climatology: U.S. Standard Atmosphere
     Cloud   1 type: Water  
     Surface type: Land                     

  Channel         Sensor            Radiance          Tb         Surface     Emissivity_TL   Radiance_TL       Tb_TL  
   Index        Descriptor                                      Emissivity
  ---------------------------------------------------------------------------------------------------------------------
       1  >imgr_g11            <     0.144623     260.230418     0.580791     0.000000       0.000000       0.000000
       2  >imgr_g11            <     4.568048     235.463083     0.900000     0.000000       0.000000       0.000000
       3  >imgr_g11            <    56.793494     260.863684     0.963528     0.000000       0.000000       0.000000
       4  >imgr_g11            <    70.242506     260.783364     0.980000     0.000000       0.000000       0.000000

     Profile #19 results:

     Atmosphere climatology: Subarctic summer        
     Cloud   1 type: Rain   
     Cloud   2 type: Snow   
     Surface type: Land                     

  Channel         Sensor            Radiance          Tb         Surface     Emissivity_TL   Radiance_TL       Tb_TL  
   Index        Descriptor                                      Emissivity
  ---------------------------------------------------------------------------------------------------------------------
       1  >imgr_g11            <     0.005543     211.339123     0.580791     0.000000       0.000000       0.000000
       2  >imgr_g11            <     1.738702     212.692501     0.900000     0.000000       0.000000       0.000000
       3  >imgr_g11            <    16.941460     211.240084     0.963528     0.000000       0.000000       0.000000
       4  >imgr_g11            <    23.751754     211.197671     0.980000     0.000000       0.000000       0.000000

     Profile #20 results:

     Atmosphere climatology: Subarctic winter        
     Cloud   1 type: Rain   
     Cloud   2 type: Snow   
     Surface type: Snow                     

  Channel         Sensor            Radiance          Tb         Surface     Emissivity_TL   Radiance_TL       Tb_TL  
   Index        Descriptor                                      Emissivity
  ---------------------------------------------------------------------------------------------------------------------
       1  >imgr_g11            <     0.002388     201.554912     0.985384     0.000000       0.000000       0.000000
       2  >imgr_g11            <     0.997016     201.470155     0.991000     0.000000       0.000000       0.000000
       3  >imgr_g11            <    12.538227     201.672239     0.991098     0.000000       0.000000       0.000000
       4  >imgr_g11            <    18.156022     201.664495     0.981983     0.000000       0.000000       0.000000

     Profile #21 results:

     Atmosphere climatology: Tropical                
     Cloud   1 type: Rain   
     Cloud   2 type: Snow   
     Surface type: Water                    

  Channel         Sensor            Radiance          Tb         Surface     Emissivity_TL   Radiance_TL       Tb_TL  
   Index        Descriptor                                      Emissivity
  ---------------------------------------------------------------------------------------------------------------------
       1  >imgr_g11            <     0.028698     233.457117     0.974118     0.000000       0.000000       0.000000
       2  >imgr_g11            <     3.554059     229.091528     0.977320     0.000000       0.000000       0.000000
       3  >imgr_g11            <    31.137696     233.628171     0.990749     0.000000       0.000000       0.000000
       4  >imgr_g11            <    41.021141     233.622292     0.986886     0.000000       0.000000       0.000000

     Profile #22 results:

     Atmosphere climatology: Subarctic winter        
     Cloud   1 type: Rain   
     Cloud   2 type: Snow   
     Surface type: Snow                     

  Channel         Sensor            Radiance          Tb         Surface     Emissivity_TL   Radiance_TL       Tb_TL  
   Index        Descriptor                                      Emissivity
  ---------------------------------------------------------------------------------------------------------------------
       1  >imgr_g11            <     0.022423     229.848289     0.985384     0.000000       0.000000       0.000000
       2  >imgr_g11            <     3.554339     229.093473     0.991000     0.000000       0.000000       0.000000
       3  >imgr_g11            <    28.395562     229.940130     0.991098     0.000000       0.000000       0.000000
       4  >imgr_g11            <    37.772334     229.940139     0.981983     0.000000       0.000000       0.000000

     Profile #23 results:

     Atmosphere climatology: Subarctic summer        
     Cloud   1 type: Rain   
     Cloud   2 type: Snow   
     Surface type: Ice                      

  Channel         Sensor            Radiance          Tb         Surface     Emissivity_TL   Radiance_TL       Tb_TL  
   Index        Descriptor                                      Emissivity
  ---------------------------------------------------------------------------------------------------------------------
       1  >imgr_g11            <     0.007061     214.328549     0.978079     0.000000       0.000000       0.000000
       2  >imgr_g11            <     2.104794     216.841638     0.990000     0.000000       0.000000       0.000000
       3  >imgr_g11            <    18.414453     214.051862     0.982745     0.000000       0.000000       0.000000
       4  >imgr_g11            <    25.588843     214.001301     0.959914     0.000000       0.000000       0.000000

     Profile #24 results:

     Atmosphere climatology: Subarctic winter        
     Cloud   1 type: Water  
     Surface type: Ice                      

  Channel         Sensor            Radiance          Tb         Surface     Emissivity_TL   Radiance_TL       Tb_TL  
   Index        Descriptor                                      Emissivity
  ---------------------------------------------------------------------------------------------------------------------
       1  >imgr_g11            <     0.046948     241.004737     0.978079     0.000000       0.000000       0.000000
       2  >imgr_g11            <     4.773959     236.618976     0.990000     0.000000       0.000000       0.000000
       3  >imgr_g11            <    37.626154     241.579512     0.982745     0.000000       0.000000       0.000000
       4  >imgr_g11            <    48.596205     241.560288     0.959914     0.000000       0.000000       0.000000

     Profile #25 results:

     Atmosphere climatology: Tropical                
     Surface type: Water                    

  Channel         Sensor            Radiance          Tb         Surface     Emissivity_TL   Radiance_TL       Tb_TL  
   Index        Descriptor                                      Emissivity
  ---------------------------------------------------------------------------------------------------------------------
       1  >imgr_g11            <     1.102464     303.986223     0.974118     0.000000       0.035651       0.813462
       2  >imgr_g11            <     5.201311     238.899357     0.977320     0.000000       0.000000       0.000000
       3  >imgr_g11            <   106.398901     296.864667     0.990749     0.000000       0.746427       0.456463
       4  >imgr_g11            <   116.093348     292.360883     0.986886     0.000000       0.466370       0.282015

     Profile #26 results:

     Atmosphere climatology: Tropical                
     Surface type: Water                    

  Channel         Sensor            Radiance          Tb         Surface     Emissivity_TL   Radiance_TL       Tb_TL  
   Index        Descriptor                                      Emissivity
  ---------------------------------------------------------------------------------------------------------------------
       1  >imgr_g11            <     0.830671     297.028136     0.974118     0.000000       0.026242       0.758805
       2  >imgr_g11            <     5.112555     238.438055     0.977320     0.000000       0.000000       0.000000
       3  >imgr_g11            <    93.700794     288.814105     0.990749     0.000000       0.237620       0.156391
       4  >imgr_g11            <   104.132413     284.915519     0.986886     0.000000       0.086464       0.055456

     Profile #27 results:

     Atmosphere climatology: Subarctic winter        
     Cloud   1 type: Rain   
     Surface type: Snow                     

  Channel         Sensor            Radiance          Tb         Surface     Emissivity_TL   Radiance_TL       Tb_TL  
   Index        Descriptor                                      Emissivity
  ---------------------------------------------------------------------------------------------------------------------
       1  >imgr_g11            <     0.027217     232.672493     0.985384     0.000000       0.000000       0.000000
       2  >imgr_g11            <     3.525579     228.892966     0.991000     0.000000       0.000000       0.000000
       3  >imgr_g11            <    30.768691     233.144659     0.991098     0.000000       0.000000       0.000000
       4  >imgr_g11            <    40.531611     233.079338     0.981983     0.000000       0.000000       0.000000

     Profile #28 results:

     Atmosphere climatology: Subarctic winter        
     Surface type: Snow                     

  Channel         Sensor            Radiance          Tb         Surface     Emissivity_TL   Radiance_TL       Tb_TL  
   Index        Descriptor                                      Emissivity
  ---------------------------------------------------------------------------------------------------------------------
       1  >imgr_g11            <     0.109042     255.122894     0.985384     0.000000       0.003049       0.495781
       2  >imgr_g11            <     3.975812     231.895177     0.991000     0.000000       0.001032       0.006567
       3  >imgr_g11            <    39.710916     243.943666     0.991098     0.000000       0.878008       0.978669
       4  >imgr_g11            <    50.608784     243.540410     0.981983     0.000000       0.988892       0.961136

     Profile #29 results:

     Atmosphere climatology: U.S. Standard Atmosphere
     Surface type: Ice                      

  Channel         Sensor            Radiance          Tb         Surface     Emissivity_TL   Radiance_TL       Tb_TL  
   Index        Descriptor                                      Emissivity
  ---------------------------------------------------------------------------------------------------------------------
       1  >imgr_g11            <     0.302395     274.586435     0.978079     0.000000       0.010544       0.716020
       2  >imgr_g11            <     7.159369     247.797983     0.990000     0.000000       0.000022       0.000088
       3  >imgr_g11            <    66.848359     269.361797     0.982745     0.000000       1.174920       0.945605
       4  >imgr_g11            <    79.609947     268.013320     0.959914     0.000000       1.196320       0.891313

     Profile #30 results:

     Atmosphere climatology: U.S. Standard Atmosphere
     Cloud   1 type: Water  
     Cloud   2 type: Snow   
     Surface type: Land                     

  Channel         Sensor            Radiance          Tb         Surface     Emissivity_TL   Radiance_TL       Tb_TL  
   Index        Descriptor                                      Emissivity
  ---------------------------------------------------------------------------------------------------------------------
       1  >imgr_g11            <     0.017360     226.220290     0.580791     0.000000       0.000000       0.000000
       2  >imgr_g11            <     3.167017     226.278451     0.900000     0.000000       0.000000       0.000000
       3  >imgr_g11            <    25.804597     226.232259     0.963528     0.000000       0.000000       0.000000
       4  >imgr_g11            <    34.663882     226.227184     0.980000     0.000000       0.000000       0.000000

     Profile #31 results:

     Atmosphere climatology: Midlatitude winter      
     Cloud   1 type: Water  
     Cloud   2 type: Rain   
     Cloud   3 type: Snow   
     Surface type: Land                     

  Channel         Sensor            Radiance          Tb         Surface     Emissivity_TL   Radiance_TL       Tb_TL  
   Index        Descriptor                                      Emissivity
  ---------------------------------------------------------------------------------------------------------------------
       1  >imgr_g11            <     0.009936     218.694027     0.580791     0.000000       0.000000       0.000000
       2  >imgr_g11            <     2.255710     218.385406     0.900000     0.000000       0.000000       0.000000
       3  >imgr_g11            <    21.057617     218.734568     0.963528     0.000000       0.000000       0.000000
       4  >imgr_g11            <    28.889486     218.727815     0.980000     0.000000       0.000000       0.000000

     Profile #32 results:

     Atmosphere climatology: Subarctic winter        
     Cloud   1 type: Rain   
     Surface type: Ice                      

  Channel         Sensor            Radiance          Tb         Surface     Emissivity_TL   Radiance_TL       Tb_TL  
   Index        Descriptor                                      Emissivity
  ---------------------------------------------------------------------------------------------------------------------
       1  >imgr_g11            <     0.043035     239.634872     0.978079     0.000000       0.000000       0.000000
       2  >imgr_g11            <     4.368904     234.305896     0.990000     0.000000       0.000000       0.000000
       3  >imgr_g11            <    36.406227     240.156714     0.982745     0.000000       0.000000       0.000000
       4  >imgr_g11            <    47.168711     240.125483     0.959914     0.000000       0.000000       0.000000

     Profile #33 results:

     Atmosphere climatology: Tropical                
     Surface type: Water                    

  Channel         Sensor            Radiance          Tb         Surface     Emissivity_TL   Radiance_TL       Tb_TL  
   Index        Descriptor                                      Emissivity
  ---------------------------------------------------------------------------------------------------------------------
       1  >imgr_g11            <     0.869721     298.135662     0.974118     0.000000       0.027724       0.771364
       2  >imgr_g11            <     5.058289     238.152940     0.977320     0.000000       0.000000       0.000000
       3  >imgr_g11            <    98.698634     292.053816     0.990749     0.000000       0.330105       0.210798
       4  >imgr_g11            <   110.337288     288.832525     0.986886     0.000000       0.139481       0.086688

     Profile #34 results:

     Atmosphere climatology: Subarctic winter        
     Surface type: Snow                     

  Channel         Sensor            Radiance          Tb         Surface     Emissivity_TL   Radiance_TL       Tb_TL  
   Index        Descriptor                                      Emissivity
  ---------------------------------------------------------------------------------------------------------------------
       1  >imgr_g11            <     0.091479     252.045982     0.985384     0.000000       0.002207       0.417634
       2  >imgr_g11            <     3.812232     230.836775     0.991000     0.000000       0.003330       0.021905
       3  >imgr_g11            <    34.612729     238.007791     0.991098     0.000000       0.807629       0.983763
       4  >imgr_g11            <    44.728249     237.609930     0.981983     0.000000       0.927123       0.971386

     Profile #35 results:

     Atmosphere climatology: U.S. Standard Atmosphere
     Cloud   1 type: Water  
     Cloud   2 type: Rain   
     Cloud   3 type: Snow   
     Surface type: Water                    

  Channel         Sensor            Radiance          Tb         Surface     Emissivity_TL   Radiance_TL       Tb_TL  
   Index        Descriptor                                      Emissivity
  ---------------------------------------------------------------------------------------------------------------------
       1  >imgr_g11            <     0.021605     229.314292     0.974118     0.000000       0.000000       0.000000
       2  >imgr_g11            <     3.435428     228.256033     0.977320     0.000000       0.000000       0.000000
       3  >imgr_g11            <    28.039105     229.443699     0.990749     0.000000       0.000000       0.000000
       4  >imgr_g11            <    37.346654     229.443271     0.986886     0.000000       0.000000       0.000000

     Profile #36 results:

     Atmosphere climatology: Tropical                
     Surface type: Water                    

  Channel         Sensor            Radiance          Tb         Surface     Emissivity_TL   Radiance_TL       Tb_TL  
   Index        Descriptor                                      Emissivity
  ---------------------------------------------------------------------------------------------------------------------
       1  >imgr_g11            <     0.917337     299.431102     0.974118     0.000000       0.028816       0.766739
       2  >imgr_g11            <     5.828854     241.997794     0.977320     0.000000       0.000000       0.000000
       3  >imgr_g11            <    95.639498     290.082468     0.990749     0.000000       0.168235       0.109412
       4  >imgr_g11            <   105.803206     285.982477     0.986886     0.000000       0.050829       0.032319

     Profile #37 results:

     Atmosphere climatology: Subarctic summer        
     Cloud   1 type: Water  
     Surface type: Land                     

  Channel         Sensor            Radiance          Tb         Surface     Emissivity_TL   Radiance_TL       Tb_TL  
   Index        Descriptor                                      Emissivity
  ---------------------------------------------------------------------------------------------------------------------
       1  >imgr_g11            <     0.066221     246.574497     0.580791     0.000000       0.000000       0.000000
       2  >imgr_g11            <     4.670475     236.043019     0.900000     0.000000       0.000000       0.000000
       3  >imgr_g11            <    42.573129     247.063166     0.963528     0.000000       0.000000       0.000000
       4  >imgr_g11            <    54.294999     247.047529     0.980000     0.000000       0.000000       0.000000

     Profile #38 results:

     Atmosphere climatology: Subarctic winter        
     Surface type: Ice                      

  Channel         Sensor            Radiance          Tb         Surface     Emissivity_TL   Radiance_TL       Tb_TL  
   Index        Descriptor                                      Emissivity
  ---------------------------------------------------------------------------------------------------------------------
       1  >imgr_g11            <     0.088490     251.472407     0.978079     0.000000       0.000552       0.107469
       2  >imgr_g11            <     2.722635     222.692471     0.990000     0.000000       0.011667       0.100029
       3  >imgr_g11            <    19.321994     215.708394     0.982745     0.000000       0.548487       0.984956
       4  >imgr_g11            <    26.125292     214.795229     0.959914     0.000000       0.661873       0.973016

     Profile #39 results:

     Atmosphere climatology: Midlatitude summer      
     Cloud   1 type: Rain   
     Cloud   2 type: Snow   
     Surface type: Water                    

  Channel         Sensor            Radiance          Tb         Surface     Emissivity_TL   Radiance_TL       Tb_TL  
   Index        Descriptor                                      Emissivity
  ---------------------------------------------------------------------------------------------------------------------
       1  >imgr_g11            <     0.016857     225.811082     0.974118     0.000000       0.000000       0.000000
       2  >imgr_g11            <     3.105019     225.803005     0.977320     0.000000       0.000000       0.000000
       3  >imgr_g11            <    25.545877     225.848640     0.990749     0.000000       0.000000       0.000000
       4  >imgr_g11            <    34.349426     225.840110     0.986886     0.000000       0.000000       0.000000

     Profile #40 results:

     Atmosphere climatology: Tropical                
     Surface type: Land                     

  Channel         Sensor            Radiance          Tb         Surface     Emissivity_TL   Radiance_TL       Tb_TL  
   Index        Descriptor                                      Emissivity
  ---------------------------------------------------------------------------------------------------------------------
       1  >imgr_g11            <     1.703307     315.337175     0.580791     0.000000       0.015151       0.240739
       2  >imgr_g11            <     5.454184     240.180975     0.900000     0.000000       0.000000       0.000000
       3  >imgr_g11            <    93.778955     288.865535     0.963528     0.000000       0.247385       0.162739
       4  >imgr_g11            <   105.362432     285.701900     0.980000     0.000000       0.095824       0.061067

     Profile #41 results:

     Atmosphere climatology: Subarctic winter        
     Surface type: Land                     

  Channel         Sensor            Radiance          Tb         Surface     Emissivity_TL   Radiance_TL       Tb_TL  
   Index        Descriptor                                      Emissivity
  ---------------------------------------------------------------------------------------------------------------------
       1  >imgr_g11            <     1.600860     313.667186     0.580791     0.000000       0.004776       0.079897
       2  >imgr_g11            <     6.805475     246.342258     0.900000     0.000000       0.000081       0.000338
       3  >imgr_g11            <    58.461417     262.334017     0.963528     0.000000       1.087261       0.949956
       4  >imgr_g11            <    73.041479     262.998864     0.980000     0.000000       1.183103       0.926022

     Profile #42 results:

     Atmosphere climatology: U.S. Standard Atmosphere
     Surface type: Land                     

  Channel         Sensor            Radiance          Tb         Surface     Emissivity_TL   Radiance_TL       Tb_TL  
   Index        Descriptor                                      Emissivity
  ---------------------------------------------------------------------------------------------------------------------
       1  >imgr_g11            <     1.652175     314.514401     0.580791     0.000000       0.006965       0.113499
       2  >imgr_g11            <     7.395498     248.738834     0.900000     0.000000       0.000033       0.000129
       3  >imgr_g11            <    68.868599     270.973053     0.963528     0.000000       1.185311       0.936883
       4  >imgr_g11            <    84.584284     271.655780     0.980000     0.000000       1.252559       0.901705

     Profile #43 results:

     Atmosphere climatology: Subarctic summer        
     Surface type: Water                    

  Channel         Sensor            Radiance          Tb         Surface     Emissivity_TL   Radiance_TL       Tb_TL  
   Index        Descriptor                                      Emissivity
  ---------------------------------------------------------------------------------------------------------------------
       1  >imgr_g11            <     0.338845     276.943440     0.974118     0.000000       0.011332       0.698534
       2  >imgr_g11            <     4.845001     237.008767     0.977320     0.000000       0.000000       0.000000
       3  >imgr_g11            <    69.723115     271.645951     0.990749     0.000000       1.140307       0.894607
       4  >imgr_g11            <    83.615301     270.955949     0.986886     0.000000       1.121834       0.812869

     Profile #44 results:

     Atmosphere climatology: U.S. Standard Atmosphere
     Cloud   1 type: Rain   
     Surface type: Land                     

  Channel         Sensor            Radiance          Tb         Surface     Emissivity_TL   Radiance_TL       Tb_TL  
   Index        Descriptor                                      Emissivity
  ---------------------------------------------------------------------------------------------------------------------
       1  >imgr_g11            <     0.039683     238.372482     0.580791     0.000000       0.000000       0.000000
       2  >imgr_g11            <     4.260431     233.658173     0.900000     0.000000       0.000000       0.000000
       3  >imgr_g11            <    35.165501     238.677655     0.963528     0.000000       0.000000       0.000000
       4  >imgr_g11            <    45.727864     238.650193     0.980000     0.000000       0.000000       0.000000

     Profile #45 results:

     Atmosphere climatology: Tropical                
     Cloud   1 type: Rain   
     Cloud   2 type: Snow   
     Surface type: Land                     

  Channel         Sensor            Radiance          Tb         Surface     Emissivity_TL   Radiance_TL       Tb_TL  
   Index        Descriptor                                      Emissivity
  ---------------------------------------------------------------------------------------------------------------------
       1  >imgr_g11            <     0.025743     231.853586     0.580791     0.000000       0.000000       0.000000
       2  >imgr_g11            <     3.269656     227.049694     0.900000     0.000000       0.000000       0.000000
       3  >imgr_g11            <    29.917865     232.015108     0.963528     0.000000       0.000000       0.000000
       4  >imgr_g11            <    39.576958     232.008700     0.980000     0.000000       0.000000       0.000000

     Profile #46 results:

     Atmosphere climatology: Subarctic winter        
     Cloud   1 type: Rain   
     Cloud   2 type: Snow   
     Surface type: Ice                      

  Channel         Sensor            Radiance          Tb         Surface     Emissivity_TL   Radiance_TL       Tb_TL  
   Index        Descriptor                                      Emissivity
  ---------------------------------------------------------------------------------------------------------------------
       1  >imgr_g11            <     0.002011     199.668097     0.978079     0.000000       0.000000       0.000000
       2  >imgr_g11            <     0.931001     200.168890     0.990000     0.000000       0.000000       0.000000
       3  >imgr_g11            <    11.757120     199.738114     0.982745     0.000000       0.000000       0.000000
       4  >imgr_g11            <    17.134841     199.720944     0.959914     0.000000       0.000000       0.000000

     Profile #47 results:

     Atmosphere climatology: Subarctic summer        
     Cloud   1 type: Rain   
     Cloud   2 type: Snow   
     Surface type: Water                    

  Channel         Sensor            Radiance          Tb         Surface     Emissivity_TL   Radiance_TL       Tb_TL  
   Index        Descriptor                                      Emissivity
  ---------------------------------------------------------------------------------------------------------------------
       1  >imgr_g11            <     0.011213     220.282571     0.974118     0.000000       0.000000       0.000000
       2  >imgr_g11            <     2.344695     219.257547     0.977320     0.000000       0.000000       0.000000
       3  >imgr_g11            <    22.022584     220.344464     0.990749     0.000000       0.000000       0.000000
       4  >imgr_g11            <    30.076390     220.342297     0.986886     0.000000       0.000000       0.000000

     Profile #48 results:

     Atmosphere climatology: Subarctic winter        
     Cloud   1 type: Water  
     Surface type: Snow                     

  Channel         Sensor            Radiance          Tb         Surface     Emissivity_TL   Radiance_TL       Tb_TL  
   Index        Descriptor                                      Emissivity
  ---------------------------------------------------------------------------------------------------------------------
       1  >imgr_g11            <     0.041834     239.192840     0.985384     0.000000       0.000000       0.000000
       2  >imgr_g11            <     4.263854     233.678807     0.991000     0.000000       0.000000       0.000000
       3  >imgr_g11            <    36.022035     239.702259     0.991098     0.000000       0.000000       0.000000
       4  >imgr_g11            <    46.743361     239.692857     0.981983     0.000000       0.000000       0.000000

     Profile #49 results:

     Atmosphere climatology: Subarctic winter        
     Cloud   1 type: Water  
     Cloud   2 type: Snow   
     Surface type: Ice                      

  Channel         Sensor            Radiance          Tb         Surface     Emissivity_TL   Radiance_TL       Tb_TL  
   Index        Descriptor                                      Emissivity
  ---------------------------------------------------------------------------------------------------------------------
       1  >imgr_g11            <     0.019108     227.567083     0.978079     0.000000       0.000000       0.000000
       2  >imgr_g11            <     3.338770     227.558359     0.990000     0.000000       0.000000       0.000000
       3  >imgr_g11            <    26.719550     227.568728     0.982745     0.000000       0.000000       0.000000
       4  >imgr_g11            <    35.765795     227.566400     0.959914     0.000000       0.000000       0.000000

     Profile #50 results:

     Atmosphere climatology: U.S. Standard Atmosphere
     Cloud   1 type: Rain   
     Cloud   2 type: Snow   
     Surface type: Ice                      

  Channel         Sensor            Radiance          Tb         Surface     Emissivity_TL   Radiance_TL       Tb_TL  
   Index        Descriptor                                      Emissivity
  ---------------------------------------------------------------------------------------------------------------------
       1  >imgr_g11            <     0.001363     195.526681     0.978079     0.000000       0.000000       0.000000
       2  >imgr_g11            <     0.710062     195.183161     0.990000     0.000000       0.000000       0.000000
       3  >imgr_g11            <    10.222207     195.656321     0.982745     0.000000       0.000000       0.000000
       4  >imgr_g11            <    15.124152     195.654065     0.959914     0.000000       0.000000       0.000000

     Profile #51 results:

     Atmosphere climatology: U.S. Standard Atmosphere
     Cloud   1 type: Rain   
     Surface type: Land                     

  Channel         Sensor            Radiance          Tb         Surface     Emissivity_TL   Radiance_TL       Tb_TL  
   Index        Descriptor                                      Emissivity
  ---------------------------------------------------------------------------------------------------------------------
       1  >imgr_g11            <     0.458702     283.416873     0.580791     0.000000       0.000000       0.000000
       2  >imgr_g11            <     6.668691     245.763990     0.900000     0.000000       0.000000       0.000000
       3  >imgr_g11            <    84.377815     282.489243     0.963528     0.000000       0.000000       0.000000
       4  >imgr_g11            <    98.399132     281.181192     0.980000     0.000000       0.000000       0.000000

     Profile #52 results:

     Atmosphere climatology: U.S. Standard Atmosphere
     Surface type: Water                    

  Channel         Sensor            Radiance          Tb         Surface     Emissivity_TL   Radiance_TL       Tb_TL  
   Index        Descriptor                                      Emissivity
  ---------------------------------------------------------------------------------------------------------------------
       1  >imgr_g11            <     0.552130     287.530456     0.974118     0.000000       0.018702       0.762513
       2  >imgr_g11            <     4.413870     234.570726     0.977320     0.000000       0.000000       0.000000
       3  >imgr_g11            <    85.567834     283.318727     0.990749     0.000000       0.845639       0.587011
       4  >imgr_g11            <    98.613044     281.322638     0.986886     0.000000       0.627164       0.414455

      Emissivity option ON Clouds ON

     Profile # 1 results:

     Atmosphere climatology: Tropical                
     Cloud   1 type: Water  
     Surface type: Land                     

  Channel         Sensor            Radiance          Tb         Surface     Emissivity_TL   Radiance_TL       Tb_TL  
   Index        Descriptor                                      Emissivity
  ---------------------------------------------------------------------------------------------------------------------
       1  >imgr_g11            <     0.277367     272.823826     0.800000     0.000000       0.000000       0.000000
       2  >imgr_g11            <     8.195263     251.763587     0.800000     0.000000       0.000000       0.000000
       3  >imgr_g11            <    71.833384     273.286625     0.800000     0.000000       0.000000       0.000000
       4  >imgr_g11            <    86.478342     273.010789     0.800000     0.000000       0.000000       0.000000

     Profile # 2 results:

     Atmosphere climatology: U.S. Standard Atmosphere
     Cloud   1 type: Rain   
     Surface type: Water                    

  Channel         Sensor            Radiance          Tb         Surface     Emissivity_TL   Radiance_TL       Tb_TL  
   Index        Descriptor                                      Emissivity
  ---------------------------------------------------------------------------------------------------------------------
       1  >imgr_g11            <     0.069503     247.378619     0.800000     0.000000       0.000000       0.000000
       2  >imgr_g11            <     4.965587     237.660344     0.800000     0.000000       0.000000       0.000000
       3  >imgr_g11            <    43.253276     247.784620     0.800000     0.000000       0.000000       0.000000
       4  >imgr_g11            <    55.048772     247.746929     0.800000     0.000000       0.000000       0.000000

     Profile # 3 results:

     Atmosphere climatology: Subarctic winter        
     Cloud   1 type: Water  
     Cloud   2 type: Rain   
     Cloud   3 type: Snow   
     Surface type: Ice                      

  Channel         Sensor            Radiance          Tb         Surface     Emissivity_TL   Radiance_TL       Tb_TL  
   Index        Descriptor                                      Emissivity
  ---------------------------------------------------------------------------------------------------------------------
       1  >imgr_g11            <     0.005900     212.100839     0.800000     0.000000       0.000000       0.000000
       2  >imgr_g11            <     1.689917     212.088034     0.800000     0.000000       0.000000       0.000000
       3  >imgr_g11            <    17.395683     212.124430     0.800000     0.000000       0.000000       0.000000
       4  >imgr_g11            <    24.347287     212.121510     0.800000     0.000000       0.000000       0.000000

     Profile # 4 results:

     Atmosphere climatology: Midlatitude winter      
     Surface type: Water                    

  Channel         Sensor            Radiance          Tb         Surface     Emissivity_TL   Radiance_TL       Tb_TL  
   Index        Descriptor                                      Emissivity
  ---------------------------------------------------------------------------------------------------------------------
       1  >imgr_g11            <     1.063270     303.078348     0.800000     0.000000       0.015587       0.366579
       2  >imgr_g11            <     5.194769     238.865565     0.800000     0.000000       0.000000       0.000000
       3  >imgr_g11            <    77.819472     277.788459     0.800000     0.000000       0.903088       0.663226
       4  >imgr_g11            <    94.481083     278.559770     0.800000     0.000000       0.788775       0.533740

     Profile # 5 results:

     Atmosphere climatology: Subarctic summer        
     Cloud   1 type: Rain   
     Cloud   2 type: Snow   
     Surface type: Ice                      

  Channel         Sensor            Radiance          Tb         Surface     Emissivity_TL   Radiance_TL       Tb_TL  
   Index        Descriptor                                      Emissivity
  ---------------------------------------------------------------------------------------------------------------------
       1  >imgr_g11            <     0.006322     212.952120     0.800000     0.000000       0.000000       0.000000
       2  >imgr_g11            <     1.846653     213.983294     0.800000     0.000000       0.000000       0.000000
       3  >imgr_g11            <    17.771459     212.844147     0.800000     0.000000       0.000000       0.000000
       4  >imgr_g11            <    24.814301     212.835744     0.800000     0.000000       0.000000       0.000000

     Profile # 6 results:

     Atmosphere climatology: Tropical                
     Surface type: Water                    

  Channel         Sensor            Radiance          Tb         Surface     Emissivity_TL   Radiance_TL       Tb_TL  
   Index        Descriptor                                      Emissivity
  ---------------------------------------------------------------------------------------------------------------------
       1  >imgr_g11            <     1.316464     308.515166     0.800000     0.000000       0.024318       0.478590
       2  >imgr_g11            <     5.024274     237.973015     0.800000     0.000000       0.000000       0.000000
       3  >imgr_g11            <    99.192055     292.368449     0.800000     0.000000       0.305658       0.194624
       4  >imgr_g11            <   110.457073     288.906950     0.800000     0.000000       0.137788       0.085586

     Profile # 7 results:

     Atmosphere climatology: Midlatitude summer      
     Cloud   1 type: Water  
     Surface type: Land                     

  Channel         Sensor            Radiance          Tb         Surface     Emissivity_TL   Radiance_TL       Tb_TL  
   Index        Descriptor                                      Emissivity
  ---------------------------------------------------------------------------------------------------------------------
       1  >imgr_g11            <     0.209473     267.248619     0.800000     0.000000       0.000000       0.000000
       2  >imgr_g11            <     5.991872     242.760178     0.800000     0.000000       0.000000       0.000000
       3  >imgr_g11            <    65.003491     267.864342     0.800000     0.000000       0.000000       0.000000
       4  >imgr_g11            <    79.292333     267.776413     0.800000     0.000000       0.000000       0.000000

     Profile # 8 results:

     Atmosphere climatology: Midlatitude winter      
     Surface type: Land                     

  Channel         Sensor            Radiance          Tb         Surface     Emissivity_TL   Radiance_TL       Tb_TL  
   Index        Descriptor                                      Emissivity
  ---------------------------------------------------------------------------------------------------------------------
       1  >imgr_g11            <     0.993401     301.388151     0.800000     0.000000       0.013332       0.331867
       2  >imgr_g11            <     4.479143     234.951431     0.800000     0.000000       0.000000       0.000000
       3  >imgr_g11            <    73.562976     274.609786     0.800000     0.000000       0.842872       0.640222
       4  >imgr_g11            <    89.929066     275.437220     0.800000     0.000000       0.728233       0.506514

     Profile # 9 results:

     Atmosphere climatology: Subarctic winter        
     Surface type: Snow                     

  Channel         Sensor            Radiance          Tb         Surface     Emissivity_TL   Radiance_TL       Tb_TL  
   Index        Descriptor                                      Emissivity
  ---------------------------------------------------------------------------------------------------------------------
       1  >imgr_g11            <     0.761558     294.956171     0.800000     0.000000       0.002104       0.065429
       2  >imgr_g11            <     4.165817     233.082609     0.800000     0.000000       0.005194       0.031877
       3  >imgr_g11            <    30.047235     232.188209     0.800000     0.000000       0.681566       0.910661
       4  >imgr_g11            <    38.989461     231.341840     0.800000     0.000000       0.786003       0.896342

     Profile #10 results:

     Atmosphere climatology: Subarctic winter        
     Cloud   1 type: Water  
     Cloud   2 type: Snow   
     Surface type: Snow                     

  Channel         Sensor            Radiance          Tb         Surface     Emissivity_TL   Radiance_TL       Tb_TL  
   Index        Descriptor                                      Emissivity
  ---------------------------------------------------------------------------------------------------------------------
       1  >imgr_g11            <     0.008993     217.401636     0.800000     0.000000       0.000000       0.000000
       2  >imgr_g11            <     2.274495     218.571767     0.800000     0.000000       0.000000       0.000000
       3  >imgr_g11            <    20.214473     217.286536     0.800000     0.000000       0.000000       0.000000
       4  >imgr_g11            <    27.844671     217.271067     0.800000     0.000000       0.000000       0.000000

     Profile #11 results:

     Atmosphere climatology: Subarctic summer        
     Cloud   1 type: Water  
     Cloud   2 type: Snow   
     Surface type: Water                    

  Channel         Sensor            Radiance          Tb         Surface     Emissivity_TL   Radiance_TL       Tb_TL  
   Index        Descriptor                                      Emissivity
  ---------------------------------------------------------------------------------------------------------------------
       1  >imgr_g11            <     0.011072     220.115111     0.800000     0.000000       0.000000       0.000000
       2  >imgr_g11            <     2.574194     221.391369     0.800000     0.000000       0.000000       0.000000
       3  >imgr_g11            <    21.835166     220.035568     0.800000     0.000000       0.000000       0.000000
       4  >imgr_g11            <    29.826018     220.005165     0.800000     0.000000       0.000000       0.000000

     Profile #12 results:

     Atmosphere climatology: Subarctic winter        
     Cloud   1 type: Water  
     Cloud   2 type: Snow   
     Surface type: Snow                     

  Channel         Sensor            Radiance          Tb         Surface     Emissivity_TL   Radiance_TL       Tb_TL  
   Index        Descriptor                                      Emissivity
  ---------------------------------------------------------------------------------------------------------------------
       1  >imgr_g11            <     0.010342     219.217658     0.800000     0.000000       0.000000       0.000000
       2  >imgr_g11            <     2.313988     218.959606     0.800000     0.000000       0.000000       0.000000
       3  >imgr_g11            <    21.368864     219.259183     0.800000     0.000000       0.000000       0.000000
       4  >imgr_g11            <    29.275635     219.257651     0.800000     0.000000       0.000000       0.000000

     Profile #13 results:

     Atmosphere climatology: Subarctic winter        
     Cloud   1 type: Water  
     Cloud   2 type: Snow   
     Surface type: Ice                      

  Channel         Sensor            Radiance          Tb         Surface     Emissivity_TL   Radiance_TL       Tb_TL  
   Index        Descriptor                                      Emissivity
  ---------------------------------------------------------------------------------------------------------------------
       1  >imgr_g11            <     0.004764     209.509980     0.800000     0.000000       0.000000       0.000000
       2  >imgr_g11            <     1.533703     210.053390     0.800000     0.000000       0.000000       0.000000
       3  >imgr_g11            <    16.082954     209.523048     0.800000     0.000000       0.000000       0.000000
       4  >imgr_g11            <    22.670885     209.481559     0.800000     0.000000       0.000000       0.000000

     Profile #14 results:

     Atmosphere climatology: Subarctic winter        
     Cloud   1 type: Water  
     Cloud   2 type: Snow   
     Surface type: Ice                      

  Channel         Sensor            Radiance          Tb         Surface     Emissivity_TL   Radiance_TL       Tb_TL  
   Index        Descriptor                                      Emissivity
  ---------------------------------------------------------------------------------------------------------------------
       1  >imgr_g11            <     0.003571     206.114812     0.800000     0.000000       0.000000       0.000000
       2  >imgr_g11            <     1.289616     206.512557     0.800000     0.000000       0.000000       0.000000
       3  >imgr_g11            <    14.511731     206.209040     0.800000     0.000000       0.000000       0.000000
       4  >imgr_g11            <    20.679801     206.174237     0.800000     0.000000       0.000000       0.000000

     Profile #15 results:

     Atmosphere climatology: Subarctic winter        
     Cloud   1 type: Rain   
     Surface type: Land                     

  Channel         Sensor            Radiance          Tb         Surface     Emissivity_TL   Radiance_TL       Tb_TL  
   Index        Descriptor                                      Emissivity
  ---------------------------------------------------------------------------------------------------------------------
       1  >imgr_g11            <     0.072537     248.093024     0.800000     0.000000       0.000000       0.000000
       2  >imgr_g11            <     4.161737     233.057558     0.800000     0.000000       0.000000       0.000000
       3  >imgr_g11            <    44.126760     248.700637     0.800000     0.000000       0.000000       0.000000
       4  >imgr_g11            <    56.019902     248.639624     0.800000     0.000000       0.000000       0.000000

     Profile #16 results:

     Atmosphere climatology: Tropical                
     Cloud   1 type: Rain   
     Surface type: Water                    

  Channel         Sensor            Radiance          Tb         Surface     Emissivity_TL   Radiance_TL       Tb_TL  
   Index        Descriptor                                      Emissivity
  ---------------------------------------------------------------------------------------------------------------------
       1  >imgr_g11            <     0.294394     274.036956     0.800000     0.000000       0.000000       0.000000
       2  >imgr_g11            <     5.058882     238.156072     0.800000     0.000000       0.000000       0.000000
       3  >imgr_g11            <    73.391851     274.479713     0.800000     0.000000       0.000000       0.000000
       4  >imgr_g11            <    87.911926     274.025312     0.800000     0.000000       0.000000       0.000000

     Profile #17 results:

     Atmosphere climatology: Midlatitude winter      
     Cloud   1 type: Rain   
     Surface type: Land                     

  Channel         Sensor            Radiance          Tb         Surface     Emissivity_TL   Radiance_TL       Tb_TL  
   Index        Descriptor                                      Emissivity
  ---------------------------------------------------------------------------------------------------------------------
       1  >imgr_g11            <     0.061948     245.474407     0.800000     0.000000       0.000000       0.000000
       2  >imgr_g11            <     5.451695     240.168587     0.800000     0.000000       0.000000       0.000000
       3  >imgr_g11            <    41.580971     245.997450     0.800000     0.000000       0.000000       0.000000
       4  >imgr_g11            <    53.147763     245.971797     0.800000     0.000000       0.000000       0.000000

     Profile #18 results:

     Atmosphere climatology: U.S. Standard Atmosphere
     Cloud   1 type: Water  
     Surface type: Land                     

  Channel         Sensor            Radiance          Tb         Surface     Emissivity_TL   Radiance_TL       Tb_TL  
   Index        Descriptor                                      Emissivity
  ---------------------------------------------------------------------------------------------------------------------
       1  >imgr_g11            <     0.144623     260.230418     0.800000     0.000000       0.000000       0.000000
       2  >imgr_g11            <     4.568048     235.463083     0.800000     0.000000       0.000000       0.000000
       3  >imgr_g11            <    56.793494     260.863684     0.800000     0.000000       0.000000       0.000000
       4  >imgr_g11            <    70.242506     260.783364     0.800000     0.000000       0.000000       0.000000

     Profile #19 results:

     Atmosphere climatology: Subarctic summer        
     Cloud   1 type: Rain   
     Cloud   2 type: Snow   
     Surface type: Land                     

  Channel         Sensor            Radiance          Tb         Surface     Emissivity_TL   Radiance_TL       Tb_TL  
   Index        Descriptor                                      Emissivity
  ---------------------------------------------------------------------------------------------------------------------
       1  >imgr_g11            <     0.005543     211.339123     0.800000     0.000000       0.000000       0.000000
       2  >imgr_g11            <     1.738702     212.692501     0.800000     0.000000       0.000000       0.000000
       3  >imgr_g11            <    16.941460     211.240084     0.800000     0.000000       0.000000       0.000000
       4  >imgr_g11            <    23.751754     211.197671     0.800000     0.000000       0.000000       0.000000

     Profile #20 results:

     Atmosphere climatology: Subarctic winter        
     Cloud   1 type: Rain   
     Cloud   2 type: Snow   
     Surface type: Snow                     

  Channel         Sensor            Radiance          Tb         Surface     Emissivity_TL   Radiance_TL       Tb_TL  
   Index        Descriptor                                      Emissivity
  ---------------------------------------------------------------------------------------------------------------------
       1  >imgr_g11            <     0.002388     201.554912     0.800000     0.000000       0.000000       0.000000
       2  >imgr_g11            <     0.997016     201.470155     0.800000     0.000000       0.000000       0.000000
       3  >imgr_g11            <    12.538227     201.672239     0.800000     0.000000       0.000000       0.000000
       4  >imgr_g11            <    18.156022     201.664495     0.800000     0.000000       0.000000       0.000000

     Profile #21 results:

     Atmosphere climatology: Tropical                
     Cloud   1 type: Rain   
     Cloud   2 type: Snow   
     Surface type: Water                    

  Channel         Sensor            Radiance          Tb         Surface     Emissivity_TL   Radiance_TL       Tb_TL  
   Index        Descriptor                                      Emissivity
  ---------------------------------------------------------------------------------------------------------------------
       1  >imgr_g11            <     0.028698     233.457117     0.800000     0.000000       0.000000       0.000000
       2  >imgr_g11            <     3.554059     229.091528     0.800000     0.000000       0.000000       0.000000
       3  >imgr_g11            <    31.137696     233.628171     0.800000     0.000000       0.000000       0.000000
       4  >imgr_g11            <    41.021141     233.622292     0.800000     0.000000       0.000000       0.000000

     Profile #22 results:

     Atmosphere climatology: Subarctic winter        
     Cloud   1 type: Rain   
     Cloud   2 type: Snow   
     Surface type: Snow                     

  Channel         Sensor            Radiance          Tb         Surface     Emissivity_TL   Radiance_TL       Tb_TL  
   Index        Descriptor                                      Emissivity
  ---------------------------------------------------------------------------------------------------------------------
       1  >imgr_g11            <     0.022423     229.848289     0.800000     0.000000       0.000000       0.000000
       2  >imgr_g11            <     3.554339     229.093473     0.800000     0.000000       0.000000       0.000000
       3  >imgr_g11            <    28.395562     229.940130     0.800000     0.000000       0.000000       0.000000
       4  >imgr_g11            <    37.772334     229.940139     0.800000     0.000000       0.000000       0.000000

     Profile #23 results:

     Atmosphere climatology: Subarctic summer        
     Cloud   1 type: Rain   
     Cloud   2 type: Snow   
     Surface type: Ice                      

  Channel         Sensor            Radiance          Tb         Surface     Emissivity_TL   Radiance_TL       Tb_TL  
   Index        Descriptor                                      Emissivity
  ---------------------------------------------------------------------------------------------------------------------
       1  >imgr_g11            <     0.007061     214.328549     0.800000     0.000000       0.000000       0.000000
       2  >imgr_g11            <     2.104794     216.841638     0.800000     0.000000       0.000000       0.000000
       3  >imgr_g11            <    18.414453     214.051862     0.800000     0.000000       0.000000       0.000000
       4  >imgr_g11            <    25.588843     214.001301     0.800000     0.000000       0.000000       0.000000

     Profile #24 results:

     Atmosphere climatology: Subarctic winter        
     Cloud   1 type: Water  
     Surface type: Ice                      

  Channel         Sensor            Radiance          Tb         Surface     Emissivity_TL   Radiance_TL       Tb_TL  
   Index        Descriptor                                      Emissivity
  ---------------------------------------------------------------------------------------------------------------------
       1  >imgr_g11            <     0.046948     241.004737     0.800000     0.000000       0.000000       0.000000
       2  >imgr_g11            <     4.773959     236.618976     0.800000     0.000000       0.000000       0.000000
       3  >imgr_g11            <    37.626154     241.579512     0.800000     0.000000       0.000000       0.000000
       4  >imgr_g11            <    48.596205     241.560288     0.800000     0.000000       0.000000       0.000000

     Profile #25 results:

     Atmosphere climatology: Tropical                
     Surface type: Water                    

  Channel         Sensor            Radiance          Tb         Surface     Emissivity_TL   Radiance_TL       Tb_TL  
   Index        Descriptor                                      Emissivity
  ---------------------------------------------------------------------------------------------------------------------
       1  >imgr_g11            <     1.478926     311.559797     0.800000     0.000000       0.029279       0.523075
       2  >imgr_g11            <     5.201311     238.899357     0.800000     0.000000       0.000000       0.000000
       3  >imgr_g11            <   102.570447     294.498803     0.800000     0.000000       0.602717       0.376423
       4  >imgr_g11            <   114.529061     291.411511     0.800000     0.000000       0.378054       0.230282

     Profile #26 results:

     Atmosphere climatology: Tropical                
     Surface type: Water                    

  Channel         Sensor            Radiance          Tb         Surface     Emissivity_TL   Radiance_TL       Tb_TL  
   Index        Descriptor                                      Emissivity
  ---------------------------------------------------------------------------------------------------------------------
       1  >imgr_g11            <     1.220137     306.558908     0.800000     0.000000       0.021551       0.451860
       2  >imgr_g11            <     5.112555     238.438055     0.800000     0.000000       0.000000       0.000000
       3  >imgr_g11            <    93.427746     288.634244     0.800000     0.000000       0.191871       0.126496
       4  >imgr_g11            <   104.098845     284.893987     0.800000     0.000000       0.070090       0.044962

     Profile #27 results:

     Atmosphere climatology: Subarctic winter        
     Cloud   1 type: Rain   
     Surface type: Snow                     

  Channel         Sensor            Radiance          Tb         Surface     Emissivity_TL   Radiance_TL       Tb_TL  
   Index        Descriptor                                      Emissivity
  ---------------------------------------------------------------------------------------------------------------------
       1  >imgr_g11            <     0.027217     232.672493     0.800000     0.000000       0.000000       0.000000
       2  >imgr_g11            <     3.525579     228.892966     0.800000     0.000000       0.000000       0.000000
       3  >imgr_g11            <    30.768691     233.144659     0.800000     0.000000       0.000000       0.000000
       4  >imgr_g11            <    40.531611     233.079338     0.800000     0.000000       0.000000       0.000000

     Profile #28 results:

     Atmosphere climatology: Subarctic winter        
     Surface type: Snow                     

  Channel         Sensor            Radiance          Tb         Surface     Emissivity_TL   Radiance_TL       Tb_TL  
   Index        Descriptor                                      Emissivity
  ---------------------------------------------------------------------------------------------------------------------
       1  >imgr_g11            <     0.768148     295.160382     0.800000     0.000000       0.002475       0.076427
       2  >imgr_g11            <     3.976482     231.899437     0.800000     0.000000       0.000833       0.005300
       3  >imgr_g11            <    32.390701     235.242508     0.800000     0.000000       0.708715       0.901429
       4  >imgr_g11            <    41.950306     234.641950     0.800000     0.000000       0.805629       0.878016

     Profile #29 results:

     Atmosphere climatology: U.S. Standard Atmosphere
     Surface type: Ice                      

  Channel         Sensor            Radiance          Tb         Surface     Emissivity_TL   Radiance_TL       Tb_TL  
   Index        Descriptor                                      Emissivity
  ---------------------------------------------------------------------------------------------------------------------
       1  >imgr_g11            <     0.897523     298.899036     0.800000     0.000000       0.008625       0.233721
       2  >imgr_g11            <     7.159368     247.797980     0.800000     0.000000       0.000018       0.000071
       3  >imgr_g11            <    55.727278     259.909726     0.800000     0.000000       0.956439       0.860793
       4  >imgr_g11            <    68.995582     259.779925     0.800000     0.000000       0.997023       0.806524

     Profile #30 results:

     Atmosphere climatology: U.S. Standard Atmosphere
     Cloud   1 type: Water  
     Cloud   2 type: Snow   
     Surface type: Land                     

  Channel         Sensor            Radiance          Tb         Surface     Emissivity_TL   Radiance_TL       Tb_TL  
   Index        Descriptor                                      Emissivity
  ---------------------------------------------------------------------------------------------------------------------
       1  >imgr_g11            <     0.017360     226.220290     0.800000     0.000000       0.000000       0.000000
       2  >imgr_g11            <     3.167017     226.278451     0.800000     0.000000       0.000000       0.000000
       3  >imgr_g11            <    25.804597     226.232259     0.800000     0.000000       0.000000       0.000000
       4  >imgr_g11            <    34.663882     226.227184     0.800000     0.000000       0.000000       0.000000

     Profile #31 results:

     Atmosphere climatology: Midlatitude winter      
     Cloud   1 type: Water  
     Cloud   2 type: Rain   
     Cloud   3 type: Snow   
     Surface type: Land                     

  Channel         Sensor            Radiance          Tb         Surface     Emissivity_TL   Radiance_TL       Tb_TL  
   Index        Descriptor                                      Emissivity
  ---------------------------------------------------------------------------------------------------------------------
       1  >imgr_g11            <     0.009936     218.694027     0.800000     0.000000       0.000000       0.000000
       2  >imgr_g11            <     2.255710     218.385406     0.800000     0.000000       0.000000       0.000000
       3  >imgr_g11            <    21.057617     218.734568     0.800000     0.000000       0.000000       0.000000
       4  >imgr_g11            <    28.889486     218.727815     0.800000     0.000000       0.000000       0.000000

     Profile #32 results:

     Atmosphere climatology: Subarctic winter        
     Cloud   1 type: Rain   
     Surface type: Ice                      

  Channel         Sensor            Radiance          Tb         Surface     Emissivity_TL   Radiance_TL       Tb_TL  
   Index        Descriptor                                      Emissivity
  ---------------------------------------------------------------------------------------------------------------------
       1  >imgr_g11            <     0.043035     239.634872     0.800000     0.000000       0.000000       0.000000
       2  >imgr_g11            <     4.368904     234.305896     0.800000     0.000000       0.000000       0.000000
       3  >imgr_g11            <    36.406227     240.156714     0.800000     0.000000       0.000000       0.000000
       4  >imgr_g11            <    47.168711     240.125483     0.800000     0.000000       0.000000       0.000000

     Profile #33 results:

     Atmosphere climatology: Tropical                
     Surface type: Water                    

  Channel         Sensor            Radiance          Tb         Surface     Emissivity_TL   Radiance_TL       Tb_TL  
   Index        Descriptor                                      Emissivity
  ---------------------------------------------------------------------------------------------------------------------
       1  >imgr_g11            <     1.265325     307.492047     0.800000     0.000000       0.022768       0.463125
       2  >imgr_g11            <     5.058289     238.152940     0.800000     0.000000       0.000000       0.000000
       3  >imgr_g11            <    98.143261     291.698587     0.800000     0.000000       0.266549       0.170770
       4  >imgr_g11            <   110.244308     288.774725     0.800000     0.000000       0.113068       0.070304

     Profile #34 results:

     Atmosphere climatology: Subarctic winter        
     Surface type: Snow                     

  Channel         Sensor            Radiance          Tb         Surface     Emissivity_TL   Radiance_TL       Tb_TL  
   Index        Descriptor                                      Emissivity
  ---------------------------------------------------------------------------------------------------------------------
       1  >imgr_g11            <     0.755443     294.765343     0.800000     0.000000       0.001792       0.056114
       2  >imgr_g11            <     3.815567     230.858704     0.800000     0.000000       0.002688       0.017671
       3  >imgr_g11            <    28.150507     229.599292     0.800000     0.000000       0.651906       0.909316
       4  >imgr_g11            <    36.876921     228.890859     0.800000     0.000000       0.755307       0.891775

     Profile #35 results:

     Atmosphere climatology: U.S. Standard Atmosphere
     Cloud   1 type: Water  
     Cloud   2 type: Rain   
     Cloud   3 type: Snow   
     Surface type: Water                    

  Channel         Sensor            Radiance          Tb         Surface     Emissivity_TL   Radiance_TL       Tb_TL  
   Index        Descriptor                                      Emissivity
  ---------------------------------------------------------------------------------------------------------------------
       1  >imgr_g11            <     0.021605     229.314292     0.800000     0.000000       0.000000       0.000000
       2  >imgr_g11            <     3.435428     228.256033     0.800000     0.000000       0.000000       0.000000
       3  >imgr_g11            <    28.039105     229.443699     0.800000     0.000000       0.000000       0.000000
       4  >imgr_g11            <    37.346654     229.443271     0.800000     0.000000       0.000000       0.000000

     Profile #36 results:

     Atmosphere climatology: Tropical                
     Surface type: Water                    

  Channel         Sensor            Radiance          Tb         Surface     Emissivity_TL   Radiance_TL       Tb_TL  
   Index        Descriptor                                      Emissivity
  ---------------------------------------------------------------------------------------------------------------------
       1  >imgr_g11            <     1.288851     307.966916     0.800000     0.000000       0.023665       0.474040
       2  >imgr_g11            <     5.828854     241.997794     0.800000     0.000000       0.000000       0.000000
       3  >imgr_g11            <    95.500514     289.992041     0.800000     0.000000       0.135845       0.088422
       4  >imgr_g11            <   105.789412     285.973706     0.800000     0.000000       0.041204       0.026200

     Profile #37 results:

     Atmosphere climatology: Subarctic summer        
     Cloud   1 type: Water  
     Surface type: Land                     

  Channel         Sensor            Radiance          Tb         Surface     Emissivity_TL   Radiance_TL       Tb_TL  
   Index        Descriptor                                      Emissivity
  ---------------------------------------------------------------------------------------------------------------------
       1  >imgr_g11            <     0.066221     246.574497     0.800000     0.000000       0.000000       0.000000
       2  >imgr_g11            <     4.670475     236.043019     0.800000     0.000000       0.000000       0.000000
       3  >imgr_g11            <    42.573129     247.063166     0.800000     0.000000       0.000000       0.000000
       4  >imgr_g11            <    54.294999     247.047529     0.800000     0.000000       0.000000       0.000000

     Profile #38 results:

     Atmosphere climatology: Subarctic winter        
     Surface type: Ice                      

  Channel         Sensor            Radiance          Tb         Surface     Emissivity_TL   Radiance_TL       Tb_TL  
   Index        Descriptor                                      Emissivity
  ---------------------------------------------------------------------------------------------------------------------
       1  >imgr_g11            <     0.733709     294.076403     0.800000     0.000000       0.000451       0.014487
       2  >imgr_g11            <     2.751283     222.937086     0.800000     0.000000       0.009428       0.080165
       3  >imgr_g11            <    15.816647     208.977620     0.800000     0.000000       0.446494       0.919767
       4  >imgr_g11            <    21.913536     208.246943     0.800000     0.000000       0.551610       0.909340

     Profile #39 results:

     Atmosphere climatology: Midlatitude summer      
     Cloud   1 type: Rain   
     Cloud   2 type: Snow   
     Surface type: Water                    

  Channel         Sensor            Radiance          Tb         Surface     Emissivity_TL   Radiance_TL       Tb_TL  
   Index        Descriptor                                      Emissivity
  ---------------------------------------------------------------------------------------------------------------------
       1  >imgr_g11            <     0.016857     225.811082     0.800000     0.000000       0.000000       0.000000
       2  >imgr_g11            <     3.105019     225.803005     0.800000     0.000000       0.000000       0.000000
       3  >imgr_g11            <    25.545877     225.848640     0.800000     0.000000       0.000000       0.000000
       4  >imgr_g11            <    34.349426     225.840110     0.800000     0.000000       0.000000       0.000000

     Profile #40 results:

     Atmosphere climatology: Tropical                
     Surface type: Land                     

  Channel         Sensor            Radiance          Tb         Surface     Emissivity_TL   Radiance_TL       Tb_TL  
   Index        Descriptor                                      Emissivity
  ---------------------------------------------------------------------------------------------------------------------
       1  >imgr_g11            <     1.200161     306.137187     0.800000     0.000000       0.020869       0.443614
       2  >imgr_g11            <     5.454184     240.180975     0.800000     0.000000       0.000000       0.000000
       3  >imgr_g11            <    93.510668     288.688898     0.800000     0.000000       0.205399       0.135345
       4  >imgr_g11            <   105.322814     285.676649     0.800000     0.000000       0.078224       0.049861

     Profile #41 results:

     Atmosphere climatology: Subarctic winter        
     Surface type: Land                     

  Channel         Sensor            Radiance          Tb         Surface     Emissivity_TL   Radiance_TL       Tb_TL  
   Index        Descriptor                                      Emissivity
  ---------------------------------------------------------------------------------------------------------------------
       1  >imgr_g11            <     0.851336     297.619555     0.800000     0.000000       0.006579       0.186353
       2  >imgr_g11            <     6.805474     246.342256     0.800000     0.000000       0.000072       0.000300
       3  >imgr_g11            <    49.337621     253.939851     0.800000     0.000000       0.902733       0.876646
       4  >imgr_g11            <    61.591665     253.591730     0.800000     0.000000       0.965798       0.834905

     Profile #42 results:

     Atmosphere climatology: U.S. Standard Atmosphere
     Surface type: Land                     

  Channel         Sensor            Radiance          Tb         Surface     Emissivity_TL   Radiance_TL       Tb_TL  
   Index        Descriptor                                      Emissivity
  ---------------------------------------------------------------------------------------------------------------------
       1  >imgr_g11            <     0.924584     299.623285     0.800000     0.000000       0.009593       0.253588
       2  >imgr_g11            <     7.395498     248.738833     0.800000     0.000000       0.000029       0.000115
       3  >imgr_g11            <    58.453296     262.326922     0.800000     0.000000       0.984142       0.859933
       4  >imgr_g11            <    72.127460     262.280859     0.800000     0.000000       1.022497       0.806147

     Profile #43 results:

     Atmosphere climatology: Subarctic summer        
     Surface type: Water                    

  Channel         Sensor            Radiance          Tb         Surface     Emissivity_TL   Radiance_TL       Tb_TL  
   Index        Descriptor                                      Emissivity
  ---------------------------------------------------------------------------------------------------------------------
       1  >imgr_g11            <     0.901820     299.015262     0.800000     0.000000       0.009306       0.251191
       2  >imgr_g11            <     4.845001     237.008767     0.800000     0.000000       0.000000       0.000000
       3  >imgr_g11            <    59.256013     263.025378     0.800000     0.000000       0.920763       0.797813
       4  >imgr_g11            <    73.671673     263.490902     0.800000     0.000000       0.909393       0.708276

     Profile #44 results:

     Atmosphere climatology: U.S. Standard Atmosphere
     Cloud   1 type: Rain   
     Surface type: Land                     

  Channel         Sensor            Radiance          Tb         Surface     Emissivity_TL   Radiance_TL       Tb_TL  
   Index        Descriptor                                      Emissivity
  ---------------------------------------------------------------------------------------------------------------------
       1  >imgr_g11            <     0.039683     238.372482     0.800000     0.000000       0.000000       0.000000
       2  >imgr_g11            <     4.260431     233.658173     0.800000     0.000000       0.000000       0.000000
       3  >imgr_g11            <    35.165501     238.677655     0.800000     0.000000       0.000000       0.000000
       4  >imgr_g11            <    45.727864     238.650193     0.800000     0.000000       0.000000       0.000000

     Profile #45 results:

     Atmosphere climatology: Tropical                
     Cloud   1 type: Rain   
     Cloud   2 type: Snow   
     Surface type: Land                     

  Channel         Sensor            Radiance          Tb         Surface     Emissivity_TL   Radiance_TL       Tb_TL  
   Index        Descriptor                                      Emissivity
  ---------------------------------------------------------------------------------------------------------------------
       1  >imgr_g11            <     0.025743     231.853586     0.800000     0.000000       0.000000       0.000000
       2  >imgr_g11            <     3.269656     227.049694     0.800000     0.000000       0.000000       0.000000
       3  >imgr_g11            <    29.917865     232.015108     0.800000     0.000000       0.000000       0.000000
       4  >imgr_g11            <    39.576958     232.008700     0.800000     0.000000       0.000000       0.000000

     Profile #46 results:

     Atmosphere climatology: Subarctic winter        
     Cloud   1 type: Rain   
     Cloud   2 type: Snow   
     Surface type: Ice                      

  Channel         Sensor            Radiance          Tb         Surface     Emissivity_TL   Radiance_TL       Tb_TL  
   Index        Descriptor                                      Emissivity
  ---------------------------------------------------------------------------------------------------------------------
       1  >imgr_g11            <     0.002011     199.668097     0.800000     0.000000       0.000000       0.000000
       2  >imgr_g11            <     0.931001     200.168890     0.800000     0.000000       0.000000       0.000000
       3  >imgr_g11            <    11.757120     199.738114     0.800000     0.000000       0.000000       0.000000
       4  >imgr_g11            <    17.134841     199.720944     0.800000     0.000000       0.000000       0.000000

     Profile #47 results:

     Atmosphere climatology: Subarctic summer        
     Cloud   1 type: Rain   
     Cloud   2 type: Snow   
     Surface type: Water                    

  Channel         Sensor            Radiance          Tb         Surface     Emissivity_TL   Radiance_TL       Tb_TL  
   Index        Descriptor                                      Emissivity
  ---------------------------------------------------------------------------------------------------------------------
       1  >imgr_g11            <     0.011213     220.282571     0.800000     0.000000       0.000000       0.000000
       2  >imgr_g11            <     2.344695     219.257547     0.800000     0.000000       0.000000       0.000000
       3  >imgr_g11            <    22.022584     220.344464     0.800000     0.000000       0.000000       0.000000
       4  >imgr_g11            <    30.076390     220.342297     0.800000     0.000000       0.000000       0.000000

     Profile #48 results:

     Atmosphere climatology: Subarctic winter        
     Cloud   1 type: Water  
     Surface type: Snow                     

  Channel         Sensor            Radiance          Tb         Surface     Emissivity_TL   Radiance_TL       Tb_TL  
   Index        Descriptor                                      Emissivity
  ---------------------------------------------------------------------------------------------------------------------
       1  >imgr_g11            <     0.041834     239.192840     0.800000     0.000000       0.000000       0.000000
       2  >imgr_g11            <     4.263854     233.678807     0.800000     0.000000       0.000000       0.000000
       3  >imgr_g11            <    36.022035     239.702259     0.800000     0.000000       0.000000       0.000000
       4  >imgr_g11            <    46.743361     239.692857     0.800000     0.000000       0.000000       0.000000

     Profile #49 results:

     Atmosphere climatology: Subarctic winter        
     Cloud   1 type: Water  
     Cloud   2 type: Snow   
     Surface type: Ice                      

  Channel         Sensor            Radiance          Tb         Surface     Emissivity_TL   Radiance_TL       Tb_TL  
   Index        Descriptor                                      Emissivity
  ---------------------------------------------------------------------------------------------------------------------
       1  >imgr_g11            <     0.019108     227.567083     0.800000     0.000000       0.000000       0.000000
       2  >imgr_g11            <     3.338770     227.558359     0.800000     0.000000       0.000000       0.000000
       3  >imgr_g11            <    26.719550     227.568728     0.800000     0.000000       0.000000       0.000000
       4  >imgr_g11            <    35.765795     227.566400     0.800000     0.000000       0.000000       0.000000

     Profile #50 results:

     Atmosphere climatology: U.S. Standard Atmosphere
     Cloud   1 type: Rain   
     Cloud   2 type: Snow   
     Surface type: Ice                      

  Channel         Sensor            Radiance          Tb         Surface     Emissivity_TL   Radiance_TL       Tb_TL  
   Index        Descriptor                                      Emissivity
  ---------------------------------------------------------------------------------------------------------------------
       1  >imgr_g11            <     0.001363     195.526681     0.800000     0.000000       0.000000       0.000000
       2  >imgr_g11            <     0.710062     195.183161     0.800000     0.000000       0.000000       0.000000
       3  >imgr_g11            <    10.222207     195.656321     0.800000     0.000000       0.000000       0.000000
       4  >imgr_g11            <    15.124152     195.654065     0.800000     0.000000       0.000000       0.000000

     Profile #51 results:

     Atmosphere climatology: U.S. Standard Atmosphere
     Cloud   1 type: Rain   
     Surface type: Land                     

  Channel         Sensor            Radiance          Tb         Surface     Emissivity_TL   Radiance_TL       Tb_TL  
   Index        Descriptor                                      Emissivity
  ---------------------------------------------------------------------------------------------------------------------
       1  >imgr_g11            <     0.458702     283.416873     0.800000     0.000000       0.000000       0.000000
       2  >imgr_g11            <     6.668691     245.763990     0.800000     0.000000       0.000000       0.000000
       3  >imgr_g11            <    84.377815     282.489243     0.800000     0.000000       0.000000       0.000000
       4  >imgr_g11            <    98.399132     281.181192     0.800000     0.000000       0.000000       0.000000

     Profile #52 results:

     Atmosphere climatology: U.S. Standard Atmosphere
     Surface type: Water                    

  Channel         Sensor            Radiance          Tb         Surface     Emissivity_TL   Radiance_TL       Tb_TL  
   Index        Descriptor                                      Emissivity
  ---------------------------------------------------------------------------------------------------------------------
       1  >imgr_g11            <     1.037591     302.468245     0.800000     0.000000       0.015359       0.368670
       2  >imgr_g11            <     4.413870     234.570726     0.800000     0.000000       0.000000       0.000000
       3  >imgr_g11            <    80.715252     279.891979     0.800000     0.000000       0.682828       0.490670
       4  >imgr_g11            <    96.096076     279.647454     0.800000     0.000000       0.508398       0.340802
