
     **********************************************************
                           Test_snwem_amsu

      Program to test the "snwem_amsu" routine for bench-
        marking and refactoring.

      $Revision: 1.2 $
     **********************************************************

     Reading file emin_amsua15.dat.DirectBinary
          Number of cases:  165 out of 1395

     Reading file emin_amsua16.dat.DirectBinary
          Number of cases:   90 out of 1035

     Reading file emin_amsub15.dat.DirectBinary
          Number of cases:   10 out of  170

     Reading file emin_amsub16.dat.DirectBinary
          Number of cases:   25 out of  130

     Reading file emin_amsub17.dat.DirectBinary
          Number of cases:   10 out of  165

     Reading file emin_ssmi13.dat.DirectBinary 
          Number of cases:    0 out of  413

     Reading file emin_ssmi14.dat.DirectBinary 
          Number of cases:    0 out of  406

     Reading file emin_ssmi15.dat.DirectBinary 
          Number of cases:    0 out of  378

     AVE emissivity difference = -7.327472E-17
     RMS emissivity difference =  2.353393E-16
